funciones_domotica.c:25:6:init_sensores	16	static
funciones_domotica.c:31:6:update_DHT	24	static
funciones_domotica.c:36:10:get_datosDHT	16	static
funciones_domotica.c:41:6:update_ldr	8	static
funciones_domotica.c:47:10:get_ldr	4	static
funciones_domotica.c:52:10:get_umbralLDR	16	static
funciones_domotica.c:58:6:set_umbralLDR	16	static
funciones_domotica.c:68:6:set_modoLuz	16	static
funciones_domotica.c:74:9:get_modoLuz	4	static
funciones_domotica.c:78:6:check_luzAuto	8	static
funciones_domotica.c:151:9:getStat_rele	4	static
