../Core/Src/funciones_domotica.c:40:6:init_sensores	32	static
../Core/Src/funciones_domotica.c:51:6:update_DHT	24	static
../Core/Src/funciones_domotica.c:56:10:get_datosDHT	16	static
../Core/Src/funciones_domotica.c:61:6:update_ldr	8	static
../Core/Src/funciones_domotica.c:67:10:get_ldr	4	static
../Core/Src/funciones_domotica.c:72:10:get_umbralLDR	16	static
../Core/Src/funciones_domotica.c:78:6:set_umbralLDR	16	static
../Core/Src/funciones_domotica.c:88:6:set_modoLuz	32	static
../Core/Src/funciones_domotica.c:95:9:get_modoLuz	4	static
../Core/Src/funciones_domotica.c:99:6:check_luzAuto	24	static
../Core/Src/funciones_domotica.c:203:9:getStat_rele	4	static
../Core/Src/funciones_domotica.c:208:6:timeoutTestAuto	4	static
../Core/Src/funciones_domotica.c:213:6:timeoutGrabaLuzMan	4	static
../Core/Src/funciones_domotica.c:217:6:start_regHora	8	static
