../Core/Src/menuPantallas.c:89:6:start_menu	16	static
../Core/Src/menuPantallas.c:98:6:check_menu	8	static
../Core/Src/menuPantallas.c:103:6:timeoutMenu	4	static
../Core/Src/menuPantallas.c:112:6:init_Info	24	static
../Core/Src/menuPantallas.c:130:6:init_Seleccion	8	static
../Core/Src/menuPantallas.c:157:6:init_ModoLuz	8	static
../Core/Src/menuPantallas.c:180:6:init_LdrPrende	4	static
../Core/Src/menuPantallas.c:185:6:init_LdrApaga	4	static
../Core/Src/menuPantallas.c:193:6:acc_Info	24	static
../Core/Src/menuPantallas.c:222:6:acc_Seleccion	8	static
../Core/Src/menuPantallas.c:289:6:acc_ModoLuz	8	static
../Core/Src/menuPantallas.c:350:6:acc_LdrPrende	8	static
../Core/Src/menuPantallas.c:370:6:acc_LdrApaga	8	static
../Core/Src/menuPantallas.c:390:6:refresh_infoDHT	4	static
