../Core/Src/menuPantallas.c:90:6:start_menu	16	static
../Core/Src/menuPantallas.c:99:6:check_menu	8	static
../Core/Src/menuPantallas.c:104:6:timeoutMenu	4	static
../Core/Src/menuPantallas.c:113:6:init_Info	24	static
../Core/Src/menuPantallas.c:131:6:init_Seleccion	8	static
../Core/Src/menuPantallas.c:158:6:init_ModoLuz	8	static
../Core/Src/menuPantallas.c:181:6:init_LdrPrende	8	static
../Core/Src/menuPantallas.c:198:6:init_LdrApaga	8	static
../Core/Src/menuPantallas.c:218:6:acc_Info	24	static
../Core/Src/menuPantallas.c:247:6:acc_Seleccion	8	static
../Core/Src/menuPantallas.c:314:6:acc_ModoLuz	8	static
../Core/Src/menuPantallas.c:375:6:acc_LdrPrende	8	static
../Core/Src/menuPantallas.c:419:6:acc_LdrApaga	8	static
../Core/Src/menuPantallas.c:463:6:refresh_infoDHT	4	static
