../Core/Src/menuPantallas.c:95:6:start_menu	16	static
../Core/Src/menuPantallas.c:104:6:check_menu	8	static
../Core/Src/menuPantallas.c:109:6:timeoutMenu	4	static
../Core/Src/menuPantallas.c:114:6:check_duracionPulsadores	4	static
../Core/Src/menuPantallas.c:123:6:init_Info	24	static
../Core/Src/menuPantallas.c:146:6:init_Seleccion	8	static
../Core/Src/menuPantallas.c:173:6:init_ModoLuz	8	static
../Core/Src/menuPantallas.c:196:6:init_LdrPrende	16	static
../Core/Src/menuPantallas.c:216:6:init_LdrApaga	16	static
../Core/Src/menuPantallas.c:239:6:acc_Info	24	static
../Core/Src/menuPantallas.c:273:6:acc_Seleccion	8	static
../Core/Src/menuPantallas.c:340:6:acc_ModoLuz	8	static
../Core/Src/menuPantallas.c:401:6:acc_LdrPrende	8	static
../Core/Src/menuPantallas.c:517:6:acc_LdrApaga	8	static
../Core/Src/menuPantallas.c:633:6:refresh_infoDHT	4	static
