menuPantallas.c:90:6:start_menu	16	static
menuPantallas.c:99:6:check_menu	8	static
menuPantallas.c:104:6:timeoutMenu	4	static
menuPantallas.c:113:6:init_Info	24	static
menuPantallas.c:136:6:init_Seleccion	8	static
menuPantallas.c:163:6:init_ModoLuz	8	static
menuPantallas.c:186:6:init_LdrPrende	8	static
menuPantallas.c:203:6:init_LdrApaga	8	static
menuPantallas.c:223:6:acc_Info	24	static
menuPantallas.c:257:6:acc_Seleccion	8	static
menuPantallas.c:324:6:acc_ModoLuz	8	static
menuPantallas.c:385:6:acc_LdrPrende	8	static
menuPantallas.c:429:6:acc_LdrApaga	8	static
menuPantallas.c:473:6:refresh_infoDHT	4	static
