../Core/Src/menuPantallas.c:121:6:start_menu	16	static
../Core/Src/menuPantallas.c:130:6:check_menu	8	static
../Core/Src/menuPantallas.c:135:6:timeoutMenu	4	static
../Core/Src/menuPantallas.c:140:6:check_duracionPulsadores	4	static
../Core/Src/menuPantallas.c:149:6:init_Info	24	static
../Core/Src/menuPantallas.c:174:6:init_Seleccion	8	static
../Core/Src/menuPantallas.c:208:6:init_ModoLuz	8	static
../Core/Src/menuPantallas.c:231:6:init_LdrPrende	16	static
../Core/Src/menuPantallas.c:251:6:init_LdrApaga	16	static
../Core/Src/menuPantallas.c:271:6:init_setHora	16	static
../Core/Src/menuPantallas.c:299:6:init_debug	24	static
../Core/Src/menuPantallas.c:334:6:acc_Info	24	static
../Core/Src/menuPantallas.c:380:6:acc_Seleccion	8	static
../Core/Src/menuPantallas.c:464:6:acc_ModoLuz	8	static
../Core/Src/menuPantallas.c:524:6:acc_LdrPrende	8	static
../Core/Src/menuPantallas.c:640:6:acc_LdrApaga	8	static
../Core/Src/menuPantallas.c:756:6:acc_setHora	8	static
../Core/Src/menuPantallas.c:1043:6:acc_debug	32	static
../Core/Src/menuPantallas.c:1213:6:refresh_infoDHT	4	static
../Core/Src/menuPantallas.c:1218:6:refresh_infoModo	4	static
../Core/Src/menuPantallas.c:1223:9:calculaDiaSemana	40	static
