../Core/Src/menuPantallas.c:128:6:start_menu	16	static
../Core/Src/menuPantallas.c:137:6:check_menu	8	static
../Core/Src/menuPantallas.c:175:6:timeoutMenu	4	static
../Core/Src/menuPantallas.c:182:6:check_duracionPulsadores	4	static
../Core/Src/menuPantallas.c:191:6:init_Info	24	static
../Core/Src/menuPantallas.c:216:6:init_Seleccion	8	static
../Core/Src/menuPantallas.c:250:6:init_ModoLuz	8	static
../Core/Src/menuPantallas.c:273:6:init_LdrPrende	16	static
../Core/Src/menuPantallas.c:293:6:init_LdrApaga	16	static
../Core/Src/menuPantallas.c:313:6:init_setHora	16	static
../Core/Src/menuPantallas.c:341:6:init_debug	24	static
../Core/Src/menuPantallas.c:376:6:acc_Info	24	static
../Core/Src/menuPantallas.c:422:6:acc_Seleccion	8	static
../Core/Src/menuPantallas.c:506:6:acc_ModoLuz	8	static
../Core/Src/menuPantallas.c:566:6:acc_LdrPrende	8	static
../Core/Src/menuPantallas.c:682:6:acc_LdrApaga	8	static
../Core/Src/menuPantallas.c:798:6:acc_setHora	8	static
../Core/Src/menuPantallas.c:1243:6:acc_debug	32	static
../Core/Src/menuPantallas.c:1413:6:refresh_infoDHT	4	static
../Core/Src/menuPantallas.c:1418:6:refresh_infoModo	4	static
../Core/Src/menuPantallas.c:1423:9:calculaDiaSemana	40	static
