../Core/Src/menuPantallas.c:129:6:start_menu	16	static
../Core/Src/menuPantallas.c:138:6:check_menu	8	static
../Core/Src/menuPantallas.c:178:6:timeoutMenu	4	static
../Core/Src/menuPantallas.c:186:6:check_duracionPulsadores	4	static
../Core/Src/menuPantallas.c:195:6:init_Info	40	static
../Core/Src/menuPantallas.c:244:6:init_Seleccion	8	static
../Core/Src/menuPantallas.c:278:6:init_ModoLuz	8	static
../Core/Src/menuPantallas.c:301:6:init_LdrPrende	16	static
../Core/Src/menuPantallas.c:321:6:init_LdrApaga	16	static
../Core/Src/menuPantallas.c:341:6:init_setHora	16	static
../Core/Src/menuPantallas.c:369:6:init_debug	24	static
../Core/Src/menuPantallas.c:404:6:acc_Info	40	static
../Core/Src/menuPantallas.c:469:6:acc_Seleccion	8	static
../Core/Src/menuPantallas.c:553:6:acc_ModoLuz	8	static
../Core/Src/menuPantallas.c:613:6:acc_LdrPrende	8	static
../Core/Src/menuPantallas.c:729:6:acc_LdrApaga	8	static
../Core/Src/menuPantallas.c:845:6:acc_setHora	8	static
../Core/Src/menuPantallas.c:1290:6:acc_debug	32	static
../Core/Src/menuPantallas.c:1460:6:refresh_infoDHT	4	static
../Core/Src/menuPantallas.c:1465:6:refresh_infoModo	4	static
../Core/Src/menuPantallas.c:1470:9:calculaDiaSemana	40	static
