Archive member included to satisfy reference by file (symbol)

/opt/st/stm32cubeide_1.4.0/plugins/com.st.stm32cube.ide.mcu.externaltools.gnu-tools-for-stm32.7-2018-q2-update.linux64_1.4.0.202007081208/tools/bin/../lib/gcc/arm-none-eabi/7.3.1/../../../../arm-none-eabi/lib/thumb/v7-m/libc_nano.a(lib_a-errno.o)
                              Core/Src/syscalls.o (__errno)
/opt/st/stm32cubeide_1.4.0/plugins/com.st.stm32cube.ide.mcu.externaltools.gnu-tools-for-stm32.7-2018-q2-update.linux64_1.4.0.202007081208/tools/bin/../lib/gcc/arm-none-eabi/7.3.1/../../../../arm-none-eabi/lib/thumb/v7-m/libc_nano.a(lib_a-exit.o)
                              /opt/st/stm32cubeide_1.4.0/plugins/com.st.stm32cube.ide.mcu.externaltools.gnu-tools-for-stm32.7-2018-q2-update.linux64_1.4.0.202007081208/tools/bin/../lib/gcc/arm-none-eabi/7.3.1/../../../../arm-none-eabi/lib/thumb/v7-m/crt0.o (exit)
/opt/st/stm32cubeide_1.4.0/plugins/com.st.stm32cube.ide.mcu.externaltools.gnu-tools-for-stm32.7-2018-q2-update.linux64_1.4.0.202007081208/tools/bin/../lib/gcc/arm-none-eabi/7.3.1/../../../../arm-none-eabi/lib/thumb/v7-m/libc_nano.a(lib_a-impure.o)
                              /opt/st/stm32cubeide_1.4.0/plugins/com.st.stm32cube.ide.mcu.externaltools.gnu-tools-for-stm32.7-2018-q2-update.linux64_1.4.0.202007081208/tools/bin/../lib/gcc/arm-none-eabi/7.3.1/../../../../arm-none-eabi/lib/thumb/v7-m/libc_nano.a(lib_a-exit.o) (_global_impure_ptr)
/opt/st/stm32cubeide_1.4.0/plugins/com.st.stm32cube.ide.mcu.externaltools.gnu-tools-for-stm32.7-2018-q2-update.linux64_1.4.0.202007081208/tools/bin/../lib/gcc/arm-none-eabi/7.3.1/../../../../arm-none-eabi/lib/thumb/v7-m/libc_nano.a(lib_a-init.o)
                              /opt/st/stm32cubeide_1.4.0/plugins/com.st.stm32cube.ide.mcu.externaltools.gnu-tools-for-stm32.7-2018-q2-update.linux64_1.4.0.202007081208/tools/bin/../lib/gcc/arm-none-eabi/7.3.1/../../../../arm-none-eabi/lib/thumb/v7-m/crt0.o (__libc_init_array)
/opt/st/stm32cubeide_1.4.0/plugins/com.st.stm32cube.ide.mcu.externaltools.gnu-tools-for-stm32.7-2018-q2-update.linux64_1.4.0.202007081208/tools/bin/../lib/gcc/arm-none-eabi/7.3.1/../../../../arm-none-eabi/lib/thumb/v7-m/libc_nano.a(lib_a-memset.o)
                              /opt/st/stm32cubeide_1.4.0/plugins/com.st.stm32cube.ide.mcu.externaltools.gnu-tools-for-stm32.7-2018-q2-update.linux64_1.4.0.202007081208/tools/bin/../lib/gcc/arm-none-eabi/7.3.1/../../../../arm-none-eabi/lib/thumb/v7-m/crt0.o (memset)
/opt/st/stm32cubeide_1.4.0/plugins/com.st.stm32cube.ide.mcu.externaltools.gnu-tools-for-stm32.7-2018-q2-update.linux64_1.4.0.202007081208/tools/bin/../lib/gcc/arm-none-eabi/7.3.1/../../../../arm-none-eabi/lib/thumb/v7-m/libc_nano.a(lib_a-sprintf.o)
                              Core/Src/menuPantallas.o (sprintf)
/opt/st/stm32cubeide_1.4.0/plugins/com.st.stm32cube.ide.mcu.externaltools.gnu-tools-for-stm32.7-2018-q2-update.linux64_1.4.0.202007081208/tools/bin/../lib/gcc/arm-none-eabi/7.3.1/../../../../arm-none-eabi/lib/thumb/v7-m/libc_nano.a(lib_a-nano-svfprintf.o)
                              /opt/st/stm32cubeide_1.4.0/plugins/com.st.stm32cube.ide.mcu.externaltools.gnu-tools-for-stm32.7-2018-q2-update.linux64_1.4.0.202007081208/tools/bin/../lib/gcc/arm-none-eabi/7.3.1/../../../../arm-none-eabi/lib/thumb/v7-m/libc_nano.a(lib_a-sprintf.o) (_svfprintf_r)
/opt/st/stm32cubeide_1.4.0/plugins/com.st.stm32cube.ide.mcu.externaltools.gnu-tools-for-stm32.7-2018-q2-update.linux64_1.4.0.202007081208/tools/bin/../lib/gcc/arm-none-eabi/7.3.1/../../../../arm-none-eabi/lib/thumb/v7-m/libc_nano.a(lib_a-nano-vfprintf_i.o)
                              /opt/st/stm32cubeide_1.4.0/plugins/com.st.stm32cube.ide.mcu.externaltools.gnu-tools-for-stm32.7-2018-q2-update.linux64_1.4.0.202007081208/tools/bin/../lib/gcc/arm-none-eabi/7.3.1/../../../../arm-none-eabi/lib/thumb/v7-m/libc_nano.a(lib_a-nano-svfprintf.o) (_printf_i)
/opt/st/stm32cubeide_1.4.0/plugins/com.st.stm32cube.ide.mcu.externaltools.gnu-tools-for-stm32.7-2018-q2-update.linux64_1.4.0.202007081208/tools/bin/../lib/gcc/arm-none-eabi/7.3.1/../../../../arm-none-eabi/lib/thumb/v7-m/libc_nano.a(lib_a-memchr-stub.o)
                              /opt/st/stm32cubeide_1.4.0/plugins/com.st.stm32cube.ide.mcu.externaltools.gnu-tools-for-stm32.7-2018-q2-update.linux64_1.4.0.202007081208/tools/bin/../lib/gcc/arm-none-eabi/7.3.1/../../../../arm-none-eabi/lib/thumb/v7-m/libc_nano.a(lib_a-nano-svfprintf.o) (memchr)
/opt/st/stm32cubeide_1.4.0/plugins/com.st.stm32cube.ide.mcu.externaltools.gnu-tools-for-stm32.7-2018-q2-update.linux64_1.4.0.202007081208/tools/bin/../lib/gcc/arm-none-eabi/7.3.1/../../../../arm-none-eabi/lib/thumb/v7-m/libc_nano.a(lib_a-memcpy-stub.o)
                              /opt/st/stm32cubeide_1.4.0/plugins/com.st.stm32cube.ide.mcu.externaltools.gnu-tools-for-stm32.7-2018-q2-update.linux64_1.4.0.202007081208/tools/bin/../lib/gcc/arm-none-eabi/7.3.1/../../../../arm-none-eabi/lib/thumb/v7-m/libc_nano.a(lib_a-nano-svfprintf.o) (memcpy)
[...]
Memory Configuration

Name             Origin             Length             Attributes
RAM              0x0000000020000000 0x0000000000005000 xrw
FLASH            0x0000000008000000 0x0000000000010000 xr
*default*        0x0000000000000000 0xffffffffffffffff

Linker script and memory map

LOAD /opt/st/stm32cubeide_1.4.0/plugins/com.st.stm32cube.ide.mcu.externaltools.gnu-tools-for-stm32.7-2018-q2-update.linux64_1.4.0.202007081208/tools/bin/../lib/gcc/arm-none-eabi/7.3.1/thumb/v7-m/crti.o
LOAD /opt/st/stm32cubeide_1.4.0/plugins/com.st.stm32cube.ide.mcu.externaltools.gnu-tools-for-stm32.7-2018-q2-update.linux64_1.4.0.202007081208/tools/bin/../lib/gcc/arm-none-eabi/7.3.1/thumb/v7-m/crtbegin.o
LOAD /opt/st/stm32cubeide_1.4.0/plugins/com.st.stm32cube.ide.mcu.externaltools.gnu-tools-for-stm32.7-2018-q2-update.linux64_1.4.0.202007081208/tools/bin/../lib/gcc/arm-none-eabi/7.3.1/../../../../arm-none-eabi/lib/thumb/v7-m/crt0.o
LOAD Core/Src/24lc256_lfs.o
LOAD Core/Src/DHT.o
LOAD Core/Src/IOport_lfs.o
LOAD Core/Src/PCF8574_lfs.o
LOAD Core/Src/adc.o
LOAD Core/Src/funciones_domotica.o
LOAD Core/Src/gpio.o
LOAD Core/Src/hora_tablero.o
LOAD Core/Src/i2c.o
LOAD Core/Src/iwdg.o
LOAD Core/Src/lcd_i2c_lfs.o
LOAD Core/Src/main.o
LOAD Core/Src/menuPantallas.o
LOAD Core/Src/rtc.o
LOAD Core/Src/spi.o
LOAD Core/Src/stm32f1xx_hal_msp.o
LOAD Core/Src/stm32f1xx_it.o
LOAD Core/Src/syscalls.o
LOAD Core/Src/sysmem.o
LOAD Core/Src/system_stm32f1xx.o
LOAD Core/Src/tim.o
LOAD Core/Src/usart.o
LOAD Core/Startup/startup_stm32f103c8tx.o
LOAD Drivers/STM32F1xx_HAL_Driver/Src/stm32f1xx_hal.o
LOAD Drivers/STM32F1xx_HAL_Driver/Src/stm32f1xx_hal_adc.o
LOAD Drivers/STM32F1xx_HAL_Driver/Src/stm32f1xx_hal_adc_ex.o
LOAD Drivers/STM32F1xx_HAL_Driver/Src/stm32f1xx_hal_cortex.o
LOAD Drivers/STM32F1xx_HAL_Driver/Src/stm32f1xx_hal_dma.o
LOAD Drivers/STM32F1xx_HAL_Driver/Src/stm32f1xx_hal_exti.o
LOAD Drivers/STM32F1xx_HAL_Driver/Src/stm32f1xx_hal_flash.o
LOAD Drivers/STM32F1xx_HAL_Driver/Src/stm32f1xx_hal_flash_ex.o
LOAD Drivers/STM32F1xx_HAL_Driver/Src/stm32f1xx_hal_gpio.o
LOAD Drivers/STM32F1xx_HAL_Driver/Src/stm32f1xx_hal_gpio_ex.o
LOAD Drivers/STM32F1xx_HAL_Driver/Src/stm32f1xx_hal_i2c.o
LOAD Drivers/STM32F1xx_HAL_Driver/Src/stm32f1xx_hal_iwdg.o
LOAD Drivers/STM32F1xx_HAL_Driver/Src/stm32f1xx_hal_pwr.o
LOAD Drivers/STM32F1xx_HAL_Driver/Src/stm32f1xx_hal_rcc.o
LOAD Drivers/STM32F1xx_HAL_Driver/Src/stm32f1xx_hal_rcc_ex.o
LOAD Drivers/STM32F1xx_HAL_Driver/Src/stm32f1xx_hal_rtc.o
LOAD Drivers/STM32F1xx_HAL_Driver/Src/stm32f1xx_hal_rtc_ex.o
LOAD Drivers/STM32F1xx_HAL_Driver/Src/stm32f1xx_hal_spi.o
LOAD Drivers/STM32F1xx_HAL_Driver/Src/stm32f1xx_hal_tim.o
LOAD Drivers/STM32F1xx_HAL_Driver/Src/stm32f1xx_hal_tim_ex.o
LOAD Drivers/STM32F1xx_HAL_Driver/Src/stm32f1xx_hal_uart.o
START GROUP
LOAD /opt/st/stm32cubeide_1.4.0/plugins/com.st.stm32cube.ide.mcu.externaltools.gnu-tools-for-stm32.7-2018-q2-update.linux64_1.4.0.202007081208/tools/bin/../lib/gcc/arm-none-eabi/7.3.1/../../../../arm-none-eabi/lib/thumb/v7-m/libc_nano.a
LOAD /opt/st/stm32cubeide_1.4.0/plugins/com.st.stm32cube.ide.mcu.externaltools.gnu-tools-for-stm32.7-2018-q2-update.linux64_1.4.0.202007081208/tools/bin/../lib/gcc/arm-none-eabi/7.3.1/../../../../arm-none-eabi/lib/thumb/v7-m/libm.a
END GROUP
START GROUP
LOAD /opt/st/stm32cubeide_1.4.0/plugins/com.st.stm32cube.ide.mcu.externaltools.gnu-tools-for-stm32.7-2018-q2-update.linux64_1.4.0.202007081208/tools/bin/../lib/gcc/arm-none-eabi/7.3.1/thumb/v7-m/libgcc.a
LOAD /opt/st/stm32cubeide_1.4.0/plugins/com.st.stm32cube.ide.mcu.externaltools.gnu-tools-for-stm32.7-2018-q2-update.linux64_1.4.0.202007081208/tools/bin/../lib/gcc/arm-none-eabi/7.3.1/../../../../arm-none-eabi/lib/thumb/v7-m/libc_nano.a
END GROUP
START GROUP
LOAD /opt/st/stm32cubeide_1.4.0/plugins/com.st.stm32cube.ide.mcu.externaltools.gnu-tools-for-stm32.7-2018-q2-update.linux64_1.4.0.202007081208/tools/bin/../lib/gcc/arm-none-eabi/7.3.1/thumb/v7-m/libgcc.a
LOAD /opt/st/stm32cubeide_1.4.0/plugins/com.st.stm32cube.ide.mcu.externaltools.gnu-tools-for-stm32.7-2018-q2-update.linux64_1.4.0.202007081208/tools/bin/../lib/gcc/arm-none-eabi/7.3.1/../../../../arm-none-eabi/lib/thumb/v7-m/libc_nano.a
LOAD /opt/st/stm32cubeide_1.4.0/plugins/com.st.stm32cube.ide.mcu.externaltools.gnu-tools-for-stm32.7-2018-q2-update.linux64_1.4.0.202007081208/tools/bin/../lib/gcc/arm-none-eabi/7.3.1/../../../../arm-none-eabi/lib/thumb/v7-m/libnosys.a
END GROUP
START GROUP
LOAD /opt/st/stm32cubeide_1.4.0/plugins/com.st.stm32cube.ide.mcu.externaltools.gnu-tools-for-stm32.7-2018-q2-update.linux64_1.4.0.202007081208/tools/bin/../lib/gcc/arm-none-eabi/7.3.1/thumb/v7-m/libgcc.a
LOAD /opt/st/stm32cubeide_1.4.0/plugins/com.st.stm32cube.ide.mcu.externaltools.gnu-tools-for-stm32.7-2018-q2-update.linux64_1.4.0.202007081208/tools/bin/../lib/gcc/arm-none-eabi/7.3.1/../../../../arm-none-eabi/lib/thumb/v7-m/libc_nano.a
LOAD /opt/st/stm32cubeide_1.4.0/plugins/com.st.stm32cube.ide.mcu.externaltools.gnu-tools-for-stm32.7-2018-q2-update.linux64_1.4.0.202007081208/tools/bin/../lib/gcc/arm-none-eabi/7.3.1/../../../../arm-none-eabi/lib/thumb/v7-m/libnosys.a
END GROUP
LOAD /opt/st/stm32cubeide_1.4.0/plugins/com.st.stm32cube.ide.mcu.externaltools.gnu-tools-for-stm32.7-2018-q2-update.linux64_1.4.0.202007081208/tools/bin/../lib/gcc/arm-none-eabi/7.3.1/thumb/v7-m/crtend.o
LOAD /opt/st/stm32cubeide_1.4.0/plugins/com.st.stm32cube.ide.mcu.externaltools.gnu-tools-for-stm32.7-2018-q2-update.linux64_1.4.0.202007081208/tools/bin/../lib/gcc/arm-none-eabi/7.3.1/thumb/v7-m/crtn.o
                0x0000000020005000                _estack = (ORIGIN (RAM) + LENGTH (RAM))
                0x0000000000000200                _Min_Heap_Size = 0x200
                0x0000000000000400                _Min_Stack_Size = 0x400

.isr_vector     0x0000000008000000      0x10c
                0x0000000008000000                . = ALIGN (0x4)
 *(.isr_vector)
 .isr_vector    0x0000000008000000      0x10c Core/Startup/startup_stm32f103c8tx.o
                0x0000000008000000                g_pfnVectors
                0x000000000800010c                . = ALIGN (0x4)

.text           0x000000000800010c     0x908c
                0x000000000800010c                . = ALIGN (0x4)
 *(.text)
 .text          0x000000000800010c       0x40 /opt/st/stm32cubeide_1.4.0/plugins/com.st.stm32cube.ide.mcu.externaltools.gnu-tools-for-stm32.7-2018-q2-update.linux64_1.4.0.202007081208/tools/bin/../lib/gcc/arm-none-eabi/7.3.1/thumb/v7-m/crtbegin.o
 .text          0x000000000800014c      0x21c /opt/st/stm32cubeide_1.4.0/plugins/com.st.stm32cube.ide.mcu.externaltools.gnu-tools-for-stm32.7-2018-q2-update.linux64_1.4.0.202007081208/tools/bin/../lib/gcc/arm-none-eabi/7.3.1/thumb/v7-m/libgcc.a(_arm_addsubsf3.o)
                0x000000000800014c                __aeabi_frsub
                0x0000000008000154                __subsf3
                0x0000000008000154                __aeabi_fsub
                0x0000000008000158                __aeabi_fadd
                0x0000000008000158                __addsf3
                0x00000000080002b8                __aeabi_ui2f
                0x00000000080002b8                __floatunsisf
                0x00000000080002c0                __aeabi_i2f
                0x00000000080002c0                __floatsisf
                0x00000000080002dc                __floatundisf
                0x00000000080002dc                __aeabi_ul2f
                0x00000000080002ec                __floatdisf
                0x00000000080002ec                __aeabi_l2f
 .text          0x0000000008000368      0x2a0 /opt/st/stm32cubeide_1.4.0/plugins/com.st.stm32cube.ide.mcu.externaltools.gnu-tools-for-stm32.7-2018-q2-update.linux64_1.4.0.202007081208/tools/bin/../lib/gcc/arm-none-eabi/7.3.1/thumb/v7-m/libgcc.a(_arm_muldivsf3.o)
                0x0000000008000368                __mulsf3
                0x0000000008000368                __aeabi_fmul
                0x00000000080004d0                __divsf3
                0x00000000080004d0                __aeabi_fdiv
 .text          0x0000000008000608       0x4c /opt/st/stm32cubeide_1.4.0/plugins/com.st.stm32cube.ide.mcu.externaltools.gnu-tools-for-stm32.7-2018-q2-update.linux64_1.4.0.202007081208/tools/bin/../lib/gcc/arm-none-eabi/7.3.1/thumb/v7-m/libgcc.a(_arm_fixsfsi.o)
                0x0000000008000608                __fixsfsi
                0x0000000008000608                __aeabi_f2iz
 *(.text*)
 .text.goToOutput
                0x0000000008000654       0x52 Core/Src/DHT.o
 .text.goToInput
                0x00000000080006a6       0x3e Core/Src/DHT.o
 .text.DHT_getData
                0x00000000080006e4      0x338 Core/Src/DHT.o
                0x00000000080006e4                DHT_getData
 .text.init_botonera
                0x0000000008000a1c       0x58 Core/Src/IOport_lfs.o
                0x0000000008000a1c                init_botonera
 .text.lecturaTeclas
                0x0000000008000a74       0x28 Core/Src/IOport_lfs.o
                0x0000000008000a74                lecturaTeclas
 .text.update_teclas
                0x0000000008000a9c       0x58 Core/Src/IOport_lfs.o
                0x0000000008000a9c                update_teclas
 .text.getStatBoton
                0x0000000008000af4       0x7c Core/Src/IOport_lfs.o
                0x0000000008000af4                getStatBoton
 .text.setOutput
                0x0000000008000b70       0x5c Core/Src/IOport_lfs.o
                0x0000000008000b70                setOutput
 .text.update_outputs
                0x0000000008000bcc       0x18 Core/Src/IOport_lfs.o
                0x0000000008000bcc                update_outputs
 .text.pcf8574_init
                0x0000000008000be4       0x30 Core/Src/PCF8574_lfs.o
                0x0000000008000be4                pcf8574_init
 .text.pcf8574_readPort
                0x0000000008000c14       0x30 Core/Src/PCF8574_lfs.o
                0x0000000008000c14                pcf8574_readPort
 .text.pcf8574_writePort
                0x0000000008000c44       0x30 Core/Src/PCF8574_lfs.o
                0x0000000008000c44                pcf8574_writePort
 .text.MX_ADC1_Init
                0x0000000008000c74       0x7c Core/Src/adc.o
                0x0000000008000c74                MX_ADC1_Init
 .text.MX_ADC2_Init
                0x0000000008000cf0       0x7c Core/Src/adc.o
                0x0000000008000cf0                MX_ADC2_Init
 .text.HAL_ADC_MspInit
                0x0000000008000d6c       0xcc Core/Src/adc.o
                0x0000000008000d6c                HAL_ADC_MspInit
 .text.init_sensores
                0x0000000008000e38       0xb8 Core/Src/funciones_domotica.o
                0x0000000008000e38                init_sensores
 .text.update_DHT
                0x0000000008000ef0       0x30 Core/Src/funciones_domotica.o
                0x0000000008000ef0                update_DHT
 .text.get_datosDHT
                0x0000000008000f20       0x24 Core/Src/funciones_domotica.o
                0x0000000008000f20                get_datosDHT
 .text.update_ldr
                0x0000000008000f44       0x2c Core/Src/funciones_domotica.o
                0x0000000008000f44                update_ldr
 .text.get_ldr  0x0000000008000f70       0x14 Core/Src/funciones_domotica.o
                0x0000000008000f70                get_ldr
 .text.get_umbralLDR
                0x0000000008000f84       0x2c Core/Src/funciones_domotica.o
                0x0000000008000f84                get_umbralLDR
 .text.set_umbralLDR
                0x0000000008000fb0       0x64 Core/Src/funciones_domotica.o
                0x0000000008000fb0                set_umbralLDR
 .text.set_modoLuz
                0x0000000008001014       0x50 Core/Src/funciones_domotica.o
                0x0000000008001014                set_modoLuz
 .text.get_modoLuz
                0x0000000008001064       0x14 Core/Src/funciones_domotica.o
                0x0000000008001064                get_modoLuz
 .text.check_luzAuto
                0x0000000008001078      0x1cc Core/Src/funciones_domotica.o
                0x0000000008001078                check_luzAuto
 .text.getStat_rele
                0x0000000008001244       0x14 Core/Src/funciones_domotica.o
                0x0000000008001244                getStat_rele
 .text.timeoutGrabaSinc
                0x0000000008001258       0xd0 Core/Src/funciones_domotica.o
                0x0000000008001258                timeoutGrabaSinc
 .text.start_regHora
                0x0000000008001328       0x24 Core/Src/funciones_domotica.o
                0x0000000008001328                start_regHora
 .text.MX_GPIO_Init
                0x000000000800134c       0xdc Core/Src/gpio.o
                0x000000000800134c                MX_GPIO_Init
 .text.update_horaFecha
                0x0000000008001428       0x28 Core/Src/hora_tablero.o
                0x0000000008001428                update_horaFecha
 .text.get_hora
                0x0000000008001450       0x34 Core/Src/hora_tablero.o
                0x0000000008001450                get_hora
 .text.get_fecha
                0x0000000008001484       0x38 Core/Src/hora_tablero.o
                0x0000000008001484                get_fecha
 .text.MX_I2C1_Init
                0x00000000080014bc       0x5c Core/Src/i2c.o
                0x00000000080014bc                MX_I2C1_Init
 .text.HAL_I2C_MspInit
                0x0000000008001518       0x7c Core/Src/i2c.o
                0x0000000008001518                HAL_I2C_MspInit
 .text.MX_IWDG_Init
                0x0000000008001594       0x48 Core/Src/iwdg.o
                0x0000000008001594                MX_IWDG_Init
 .text.lcd_send_cmd
                0x00000000080015dc       0x68 Core/Src/lcd_i2c_lfs.o
                0x00000000080015dc                lcd_send_cmd
 .text.lcd_send_data
                0x0000000008001644       0x68 Core/Src/lcd_i2c_lfs.o
                0x0000000008001644                lcd_send_data
 .text.lcd_clear
                0x00000000080016ac       0x2c Core/Src/lcd_i2c_lfs.o
                0x00000000080016ac                lcd_clear
 .text.lcd_put_cur
                0x00000000080016d8       0x70 Core/Src/lcd_i2c_lfs.o
                0x00000000080016d8                lcd_put_cur
 .text.lcd_init
                0x0000000008001748       0xa0 Core/Src/lcd_i2c_lfs.o
                0x0000000008001748                lcd_init
 .text.lcd_send_string
                0x00000000080017e8       0x28 Core/Src/lcd_i2c_lfs.o
                0x00000000080017e8                lcd_send_string
 .text.lcd_CustomChar_create
                0x0000000008001810       0x52 Core/Src/lcd_i2c_lfs.o
                0x0000000008001810                lcd_CustomChar_create
 *fill*         0x0000000008001862        0x2 
 .text.main     0x0000000008001864      0x164 Core/Src/main.o
                0x0000000008001864                main
 .text.SystemClock_Config
                0x00000000080019c8       0xc4 Core/Src/main.o
                0x00000000080019c8                SystemClock_Config
 .text.HAL_TIM_PeriodElapsedCallback
                0x0000000008001a8c       0x28 Core/Src/main.o
                0x0000000008001a8c                HAL_TIM_PeriodElapsedCallback
 .text.Error_Handler
                0x0000000008001ab4        0x8 Core/Src/main.o
                0x0000000008001ab4                Error_Handler
 .text.start_menu
                0x0000000008001abc       0x4c Core/Src/menuPantallas.o
                0x0000000008001abc                start_menu
 .text.check_menu
                0x0000000008001b08       0x14 Core/Src/menuPantallas.o
                0x0000000008001b08                check_menu
 .text.timeoutMenu
                0x0000000008001b1c       0x1c Core/Src/menuPantallas.o
                0x0000000008001b1c                timeoutMenu
 .text.check_duracionPulsadores
                0x0000000008001b38       0x2c Core/Src/menuPantallas.o
                0x0000000008001b38                check_duracionPulsadores
 .text.init_Info
                0x0000000008001b64      0x104 Core/Src/menuPantallas.o
                0x0000000008001b64                init_Info
 .text.init_Seleccion
                0x0000000008001c68       0xc8 Core/Src/menuPantallas.o
                0x0000000008001c68                init_Seleccion
 .text.init_ModoLuz
                0x0000000008001d30       0x78 Core/Src/menuPantallas.o
                0x0000000008001d30                init_ModoLuz
 .text.init_LdrPrende
                0x0000000008001da8       0xbc Core/Src/menuPantallas.o
                0x0000000008001da8                init_LdrPrende
 .text.init_LdrApaga
                0x0000000008001e64       0xbc Core/Src/menuPantallas.o
                0x0000000008001e64                init_LdrApaga
 .text.init_setHora
                0x0000000008001f20       0xfc Core/Src/menuPantallas.o
                0x0000000008001f20                init_setHora
 .text.init_debug
                0x000000000800201c       0xe4 Core/Src/menuPantallas.o
                0x000000000800201c                init_debug
 .text.acc_Info
                0x0000000008002100      0x190 Core/Src/menuPantallas.o
                0x0000000008002100                acc_Info
 .text.acc_Seleccion
                0x0000000008002290      0x1b4 Core/Src/menuPantallas.o
                0x0000000008002290                acc_Seleccion
 .text.acc_ModoLuz
                0x0000000008002444       0xf0 Core/Src/menuPantallas.o
                0x0000000008002444                acc_ModoLuz
 .text.acc_LdrPrende
                0x0000000008002534      0x280 Core/Src/menuPantallas.o
                0x0000000008002534                acc_LdrPrende
 .text.acc_LdrApaga
                0x00000000080027b4      0x280 Core/Src/menuPantallas.o
                0x00000000080027b4                acc_LdrApaga
 .text.acc_setHora
                0x0000000008002a34      0x864 Core/Src/menuPantallas.o
                0x0000000008002a34                acc_setHora
 .text.acc_debug
                0x0000000008003298      0x4f0 Core/Src/menuPantallas.o
                0x0000000008003298                acc_debug
 .text.refresh_infoDHT
                0x0000000008003788       0x18 Core/Src/menuPantallas.o
                0x0000000008003788                refresh_infoDHT
 .text.refresh_infoModo
                0x00000000080037a0       0x18 Core/Src/menuPantallas.o
                0x00000000080037a0                refresh_infoModo
 .text.calculaDiaSemana
                0x00000000080037b8       0xe4 Core/Src/menuPantallas.o
                0x00000000080037b8                calculaDiaSemana
 .text.MX_RTC_Init
                0x000000000800389c       0x94 Core/Src/rtc.o
                0x000000000800389c                MX_RTC_Init
 .text.HAL_RTC_MspInit
                0x0000000008003930       0x48 Core/Src/rtc.o
                0x0000000008003930                HAL_RTC_MspInit
 .text.MX_SPI1_Init
                0x0000000008003978       0x6c Core/Src/spi.o
                0x0000000008003978                MX_SPI1_Init
 .text.HAL_SPI_MspInit
                0x00000000080039e4       0x94 Core/Src/spi.o
                0x00000000080039e4                HAL_SPI_MspInit
 .text.HAL_MspInit
                0x0000000008003a78       0x64 Core/Src/stm32f1xx_hal_msp.o
                0x0000000008003a78                HAL_MspInit
 .text.NMI_Handler
                0x0000000008003adc        0x6 Core/Src/stm32f1xx_it.o
                0x0000000008003adc                NMI_Handler
 .text.HardFault_Handler
                0x0000000008003ae2        0x6 Core/Src/stm32f1xx_it.o
                0x0000000008003ae2                HardFault_Handler
 .text.MemManage_Handler
                0x0000000008003ae8        0x6 Core/Src/stm32f1xx_it.o
                0x0000000008003ae8                MemManage_Handler
 .text.BusFault_Handler
                0x0000000008003aee        0x6 Core/Src/stm32f1xx_it.o
                0x0000000008003aee                BusFault_Handler
 .text.UsageFault_Handler
                0x0000000008003af4        0x6 Core/Src/stm32f1xx_it.o
                0x0000000008003af4                UsageFault_Handler
 .text.SVC_Handler
                0x0000000008003afa        0xc Core/Src/stm32f1xx_it.o
                0x0000000008003afa                SVC_Handler
 .text.DebugMon_Handler
                0x0000000008003b06        0xc Core/Src/stm32f1xx_it.o
                0x0000000008003b06                DebugMon_Handler
 .text.PendSV_Handler
                0x0000000008003b12        0xc Core/Src/stm32f1xx_it.o
                0x0000000008003b12                PendSV_Handler
 .text.SysTick_Handler
                0x0000000008003b1e        0xc Core/Src/stm32f1xx_it.o
                0x0000000008003b1e                SysTick_Handler
 *fill*         0x0000000008003b2a        0x2 
 .text.TIM2_IRQHandler
                0x0000000008003b2c       0x14 Core/Src/stm32f1xx_it.o
                0x0000000008003b2c                TIM2_IRQHandler
 .text.USART1_IRQHandler
                0x0000000008003b40       0x14 Core/Src/stm32f1xx_it.o
                0x0000000008003b40                USART1_IRQHandler
 .text._sbrk    0x0000000008003b54       0x6c Core/Src/sysmem.o
                0x0000000008003b54                _sbrk
 .text.SystemInit
                0x0000000008003bc0       0x68 Core/Src/system_stm32f1xx.o
                0x0000000008003bc0                SystemInit
 .text.MX_TIM2_Init
                0x0000000008003c28       0x9c Core/Src/tim.o
                0x0000000008003c28                MX_TIM2_Init
 .text.HAL_TIM_Base_MspInit
                0x0000000008003cc4       0x48 Core/Src/tim.o
                0x0000000008003cc4                HAL_TIM_Base_MspInit
 .text.MX_USART1_UART_Init
                0x0000000008003d0c       0x54 Core/Src/usart.o
                0x0000000008003d0c                MX_USART1_UART_Init
 .text.HAL_UART_MspInit
                0x0000000008003d60       0xa8 Core/Src/usart.o
                0x0000000008003d60                HAL_UART_MspInit
 .text.Reset_Handler
                0x0000000008003e08       0x48 Core/Startup/startup_stm32f103c8tx.o
                0x0000000008003e08                Reset_Handler
 .text.Default_Handler
                0x0000000008003e50        0x2 Core/Startup/startup_stm32f103c8tx.o
                0x0000000008003e50                RTC_Alarm_IRQHandler
                0x0000000008003e50                EXTI2_IRQHandler
                0x0000000008003e50                TIM1_CC_IRQHandler
                0x0000000008003e50                PVD_IRQHandler
                0x0000000008003e50                EXTI3_IRQHandler
                0x0000000008003e50                EXTI0_IRQHandler
                0x0000000008003e50                I2C2_EV_IRQHandler
                0x0000000008003e50                ADC1_2_IRQHandler
                0x0000000008003e50                SPI1_IRQHandler
                0x0000000008003e50                TAMPER_IRQHandler
                0x0000000008003e50                DMA1_Channel4_IRQHandler
                0x0000000008003e50                USART3_IRQHandler
                0x0000000008003e50                RTC_IRQHandler
                0x0000000008003e50                DMA1_Channel7_IRQHandler
                0x0000000008003e50                CAN1_RX1_IRQHandler
                0x0000000008003e50                TIM4_IRQHandler
                0x0000000008003e50                I2C1_EV_IRQHandler
                0x0000000008003e50                DMA1_Channel6_IRQHandler
                0x0000000008003e50                TIM3_IRQHandler
                0x0000000008003e50                RCC_IRQHandler
                0x0000000008003e50                TIM1_TRG_COM_IRQHandler
                0x0000000008003e50                DMA1_Channel1_IRQHandler
                0x0000000008003e50                Default_Handler
                0x0000000008003e50                EXTI15_10_IRQHandler
                0x0000000008003e50                EXTI9_5_IRQHandler
                0x0000000008003e50                SPI2_IRQHandler
                0x0000000008003e50                DMA1_Channel5_IRQHandler
                0x0000000008003e50                EXTI4_IRQHandler
                0x0000000008003e50                USB_LP_CAN1_RX0_IRQHandler
                0x0000000008003e50                USB_HP_CAN1_TX_IRQHandler
                0x0000000008003e50                DMA1_Channel3_IRQHandler
                0x0000000008003e50                TIM1_UP_IRQHandler
                0x0000000008003e50                WWDG_IRQHandler
                0x0000000008003e50                TIM1_BRK_IRQHandler
                0x0000000008003e50                EXTI1_IRQHandler
                0x0000000008003e50                USART2_IRQHandler
                0x0000000008003e50                I2C2_ER_IRQHandler
                0x0000000008003e50                DMA1_Channel2_IRQHandler
                0x0000000008003e50                CAN1_SCE_IRQHandler
                0x0000000008003e50                FLASH_IRQHandler
                0x0000000008003e50                I2C1_ER_IRQHandler
                0x0000000008003e50                USBWakeUp_IRQHandler
 *fill*         0x0000000008003e52        0x2 
 .text.HAL_Init
                0x0000000008003e54       0x2c Drivers/STM32F1xx_HAL_Driver/Src/stm32f1xx_hal.o
                0x0000000008003e54                HAL_Init
 .text.HAL_InitTick
                0x0000000008003e80       0x60 Drivers/STM32F1xx_HAL_Driver/Src/stm32f1xx_hal.o
                0x0000000008003e80                HAL_InitTick
 .text.HAL_IncTick
                0x0000000008003ee0       0x24 Drivers/STM32F1xx_HAL_Driver/Src/stm32f1xx_hal.o
                0x0000000008003ee0                HAL_IncTick
 .text.HAL_GetTick
                0x0000000008003f04       0x14 Drivers/STM32F1xx_HAL_Driver/Src/stm32f1xx_hal.o
                0x0000000008003f04                HAL_GetTick
 .text.HAL_Delay
                0x0000000008003f18       0x44 Drivers/STM32F1xx_HAL_Driver/Src/stm32f1xx_hal.o
                0x0000000008003f18                HAL_Delay
 .text.HAL_ADC_Init
                0x0000000008003f5c      0x1b0 Drivers/STM32F1xx_HAL_Driver/Src/stm32f1xx_hal_adc.o
                0x0000000008003f5c                HAL_ADC_Init
 .text.HAL_ADC_Start
                0x000000000800410c      0x15c Drivers/STM32F1xx_HAL_Driver/Src/stm32f1xx_hal_adc.o
                0x000000000800410c                HAL_ADC_Start
 .text.HAL_ADC_GetValue
                0x0000000008004268       0x18 Drivers/STM32F1xx_HAL_Driver/Src/stm32f1xx_hal_adc.o
                0x0000000008004268                HAL_ADC_GetValue
 .text.HAL_ADC_ConfigChannel
                0x0000000008004280      0x1f0 Drivers/STM32F1xx_HAL_Driver/Src/stm32f1xx_hal_adc.o
                0x0000000008004280                HAL_ADC_ConfigChannel
 .text.ADC_Enable
                0x0000000008004470       0xa4 Drivers/STM32F1xx_HAL_Driver/Src/stm32f1xx_hal_adc.o
                0x0000000008004470                ADC_Enable
 .text.ADC_ConversionStop_Disable
                0x0000000008004514       0x74 Drivers/STM32F1xx_HAL_Driver/Src/stm32f1xx_hal_adc.o
                0x0000000008004514                ADC_ConversionStop_Disable
 .text.__NVIC_SetPriorityGrouping
                0x0000000008004588       0x48 Drivers/STM32F1xx_HAL_Driver/Src/stm32f1xx_hal_cortex.o
 .text.__NVIC_GetPriorityGrouping
                0x00000000080045d0       0x1c Drivers/STM32F1xx_HAL_Driver/Src/stm32f1xx_hal_cortex.o
 .text.__NVIC_EnableIRQ
                0x00000000080045ec       0x38 Drivers/STM32F1xx_HAL_Driver/Src/stm32f1xx_hal_cortex.o
 .text.__NVIC_SetPriority
                0x0000000008004624       0x54 Drivers/STM32F1xx_HAL_Driver/Src/stm32f1xx_hal_cortex.o
 .text.NVIC_EncodePriority
                0x0000000008004678       0x64 Drivers/STM32F1xx_HAL_Driver/Src/stm32f1xx_hal_cortex.o
 .text.SysTick_Config
                0x00000000080046dc       0x44 Drivers/STM32F1xx_HAL_Driver/Src/stm32f1xx_hal_cortex.o
 .text.HAL_NVIC_SetPriorityGrouping
                0x0000000008004720       0x16 Drivers/STM32F1xx_HAL_Driver/Src/stm32f1xx_hal_cortex.o
                0x0000000008004720                HAL_NVIC_SetPriorityGrouping
 .text.HAL_NVIC_SetPriority
                0x0000000008004736       0x38 Drivers/STM32F1xx_HAL_Driver/Src/stm32f1xx_hal_cortex.o
                0x0000000008004736                HAL_NVIC_SetPriority
 .text.HAL_NVIC_EnableIRQ
                0x000000000800476e       0x1c Drivers/STM32F1xx_HAL_Driver/Src/stm32f1xx_hal_cortex.o
                0x000000000800476e                HAL_NVIC_EnableIRQ
 .text.HAL_SYSTICK_Config
                0x000000000800478a       0x18 Drivers/STM32F1xx_HAL_Driver/Src/stm32f1xx_hal_cortex.o
                0x000000000800478a                HAL_SYSTICK_Config
 *fill*         0x00000000080047a2        0x2 
 .text.HAL_DMA_Abort_IT
                0x00000000080047a4       0xec Drivers/STM32F1xx_HAL_Driver/Src/stm32f1xx_hal_dma.o
                0x00000000080047a4                HAL_DMA_Abort_IT
 .text.HAL_GPIO_Init
                0x0000000008004890      0x2b4 Drivers/STM32F1xx_HAL_Driver/Src/stm32f1xx_hal_gpio.o
                0x0000000008004890                HAL_GPIO_Init
 .text.HAL_GPIO_ReadPin
                0x0000000008004b44       0x2e Drivers/STM32F1xx_HAL_Driver/Src/stm32f1xx_hal_gpio.o
                0x0000000008004b44                HAL_GPIO_ReadPin
 .text.HAL_GPIO_WritePin
                0x0000000008004b72       0x30 Drivers/STM32F1xx_HAL_Driver/Src/stm32f1xx_hal_gpio.o
                0x0000000008004b72                HAL_GPIO_WritePin
 *fill*         0x0000000008004ba2        0x2 
 .text.HAL_I2C_Init
                0x0000000008004ba4      0x250 Drivers/STM32F1xx_HAL_Driver/Src/stm32f1xx_hal_i2c.o
                0x0000000008004ba4                HAL_I2C_Init
 .text.HAL_I2C_Master_Transmit
                0x0000000008004df4      0x1fc Drivers/STM32F1xx_HAL_Driver/Src/stm32f1xx_hal_i2c.o
                0x0000000008004df4                HAL_I2C_Master_Transmit
 .text.HAL_I2C_Master_Receive
                0x0000000008004ff0      0x45c Drivers/STM32F1xx_HAL_Driver/Src/stm32f1xx_hal_i2c.o
                0x0000000008004ff0                HAL_I2C_Master_Receive
 .text.HAL_I2C_Mem_Write
                0x000000000800544c      0x1f4 Drivers/STM32F1xx_HAL_Driver/Src/stm32f1xx_hal_i2c.o
                0x000000000800544c                HAL_I2C_Mem_Write
 .text.HAL_I2C_Mem_Read
                0x0000000008005640      0x46c Drivers/STM32F1xx_HAL_Driver/Src/stm32f1xx_hal_i2c.o
                0x0000000008005640                HAL_I2C_Mem_Read
 .text.I2C_MasterRequestWrite
                0x0000000008005aac       0xec Drivers/STM32F1xx_HAL_Driver/Src/stm32f1xx_hal_i2c.o
 .text.I2C_MasterRequestRead
                0x0000000008005b98      0x16c Drivers/STM32F1xx_HAL_Driver/Src/stm32f1xx_hal_i2c.o
 .text.I2C_RequestMemoryWrite
                0x0000000008005d04      0x114 Drivers/STM32F1xx_HAL_Driver/Src/stm32f1xx_hal_i2c.o
 .text.I2C_RequestMemoryRead
                0x0000000008005e18      0x1a0 Drivers/STM32F1xx_HAL_Driver/Src/stm32f1xx_hal_i2c.o
 .text.I2C_WaitOnFlagUntilTimeout
                0x0000000008005fb8       0xae Drivers/STM32F1xx_HAL_Driver/Src/stm32f1xx_hal_i2c.o
 .text.I2C_WaitOnMasterAddressFlagUntilTimeout
                0x0000000008006066       0xfe Drivers/STM32F1xx_HAL_Driver/Src/stm32f1xx_hal_i2c.o
 .text.I2C_WaitOnTXEFlagUntilTimeout
                0x0000000008006164       0x82 Drivers/STM32F1xx_HAL_Driver/Src/stm32f1xx_hal_i2c.o
 .text.I2C_WaitOnBTFFlagUntilTimeout
                0x00000000080061e6       0x82 Drivers/STM32F1xx_HAL_Driver/Src/stm32f1xx_hal_i2c.o
 .text.I2C_WaitOnRXNEFlagUntilTimeout
                0x0000000008006268       0xac Drivers/STM32F1xx_HAL_Driver/Src/stm32f1xx_hal_i2c.o
 .text.I2C_IsAcknowledgeFailed
                0x0000000008006314       0x5c Drivers/STM32F1xx_HAL_Driver/Src/stm32f1xx_hal_i2c.o
 .text.HAL_IWDG_Init
                0x0000000008006370       0x72 Drivers/STM32F1xx_HAL_Driver/Src/stm32f1xx_hal_iwdg.o
                0x0000000008006370                HAL_IWDG_Init
 *fill*         0x00000000080063e2        0x2 
 .text.HAL_PWR_EnableBkUpAccess
                0x00000000080063e4       0x18 Drivers/STM32F1xx_HAL_Driver/Src/stm32f1xx_hal_pwr.o
                0x00000000080063e4                HAL_PWR_EnableBkUpAccess
 .text.HAL_RCC_OscConfig
                0x00000000080063fc      0x500 Drivers/STM32F1xx_HAL_Driver/Src/stm32f1xx_hal_rcc.o
                0x00000000080063fc                HAL_RCC_OscConfig
 .text.HAL_RCC_ClockConfig
                0x00000000080068fc      0x1d4 Drivers/STM32F1xx_HAL_Driver/Src/stm32f1xx_hal_rcc.o
                0x00000000080068fc                HAL_RCC_ClockConfig
 .text.HAL_RCC_GetSysClockFreq
                0x0000000008006ad0       0xc4 Drivers/STM32F1xx_HAL_Driver/Src/stm32f1xx_hal_rcc.o
                0x0000000008006ad0                HAL_RCC_GetSysClockFreq
 .text.HAL_RCC_GetHCLKFreq
                0x0000000008006b94       0x14 Drivers/STM32F1xx_HAL_Driver/Src/stm32f1xx_hal_rcc.o
                0x0000000008006b94                HAL_RCC_GetHCLKFreq
 .text.HAL_RCC_GetPCLK1Freq
                0x0000000008006ba8       0x28 Drivers/STM32F1xx_HAL_Driver/Src/stm32f1xx_hal_rcc.o
                0x0000000008006ba8                HAL_RCC_GetPCLK1Freq
 .text.HAL_RCC_GetPCLK2Freq
                0x0000000008006bd0       0x28 Drivers/STM32F1xx_HAL_Driver/Src/stm32f1xx_hal_rcc.o
                0x0000000008006bd0                HAL_RCC_GetPCLK2Freq
 .text.RCC_Delay
                0x0000000008006bf8       0x3c Drivers/STM32F1xx_HAL_Driver/Src/stm32f1xx_hal_rcc.o
 .text.HAL_RCCEx_PeriphCLKConfig
                0x0000000008006c34      0x16c Drivers/STM32F1xx_HAL_Driver/Src/stm32f1xx_hal_rcc_ex.o
                0x0000000008006c34                HAL_RCCEx_PeriphCLKConfig
 .text.HAL_RCCEx_GetPeriphCLKFreq
                0x0000000008006da0      0x178 Drivers/STM32F1xx_HAL_Driver/Src/stm32f1xx_hal_rcc_ex.o
                0x0000000008006da0                HAL_RCCEx_GetPeriphCLKFreq
 .text.HAL_RTC_Init
                0x0000000008006f18      0x12c Drivers/STM32F1xx_HAL_Driver/Src/stm32f1xx_hal_rtc.o
                0x0000000008006f18                HAL_RTC_Init
 .text.HAL_RTC_SetTime
                0x0000000008007044      0x12e Drivers/STM32F1xx_HAL_Driver/Src/stm32f1xx_hal_rtc.o
                0x0000000008007044                HAL_RTC_SetTime
 *fill*         0x0000000008007172        0x2 
 .text.HAL_RTC_GetTime
                0x0000000008007174      0x1b0 Drivers/STM32F1xx_HAL_Driver/Src/stm32f1xx_hal_rtc.o
                0x0000000008007174                HAL_RTC_GetTime
 .text.HAL_RTC_SetDate
                0x0000000008007324      0x16c Drivers/STM32F1xx_HAL_Driver/Src/stm32f1xx_hal_rtc.o
                0x0000000008007324                HAL_RTC_SetDate
 .text.HAL_RTC_GetDate
                0x0000000008007490       0xa8 Drivers/STM32F1xx_HAL_Driver/Src/stm32f1xx_hal_rtc.o
                0x0000000008007490                HAL_RTC_GetDate
 .text.HAL_RTC_WaitForSynchro
                0x0000000008007538       0x5a Drivers/STM32F1xx_HAL_Driver/Src/stm32f1xx_hal_rtc.o
                0x0000000008007538                HAL_RTC_WaitForSynchro
 .text.RTC_ReadTimeCounter
                0x0000000008007592       0x60 Drivers/STM32F1xx_HAL_Driver/Src/stm32f1xx_hal_rtc.o
 .text.RTC_WriteTimeCounter
                0x00000000080075f2       0x4e Drivers/STM32F1xx_HAL_Driver/Src/stm32f1xx_hal_rtc.o
 .text.RTC_ReadAlarmCounter
                0x0000000008007640       0x32 Drivers/STM32F1xx_HAL_Driver/Src/stm32f1xx_hal_rtc.o
 .text.RTC_WriteAlarmCounter
                0x0000000008007672       0x4e Drivers/STM32F1xx_HAL_Driver/Src/stm32f1xx_hal_rtc.o
 .text.RTC_EnterInitMode
                0x00000000080076c0       0x50 Drivers/STM32F1xx_HAL_Driver/Src/stm32f1xx_hal_rtc.o
 .text.RTC_ExitInitMode
                0x0000000008007710       0x50 Drivers/STM32F1xx_HAL_Driver/Src/stm32f1xx_hal_rtc.o
 .text.RTC_ByteToBcd2
                0x0000000008007760       0x3a Drivers/STM32F1xx_HAL_Driver/Src/stm32f1xx_hal_rtc.o
 .text.RTC_Bcd2ToByte
                0x000000000800779a       0x3a Drivers/STM32F1xx_HAL_Driver/Src/stm32f1xx_hal_rtc.o
 .text.RTC_DateUpdate
                0x00000000080077d4      0x152 Drivers/STM32F1xx_HAL_Driver/Src/stm32f1xx_hal_rtc.o
 *fill*         0x0000000008007926        0x2 
 .text.RTC_IsLeapYear
                0x0000000008007928       0x64 Drivers/STM32F1xx_HAL_Driver/Src/stm32f1xx_hal_rtc.o
 .text.RTC_WeekDayNum
                0x000000000800798c       0xf0 Drivers/STM32F1xx_HAL_Driver/Src/stm32f1xx_hal_rtc.o
 .text.HAL_SPI_Init
                0x0000000008007a7c       0xc2 Drivers/STM32F1xx_HAL_Driver/Src/stm32f1xx_hal_spi.o
                0x0000000008007a7c                HAL_SPI_Init
 .text.HAL_TIM_Base_Init
                0x0000000008007b3e       0x56 Drivers/STM32F1xx_HAL_Driver/Src/stm32f1xx_hal_tim.o
                0x0000000008007b3e                HAL_TIM_Base_Init
 .text.HAL_TIM_Base_Start_IT
                0x0000000008007b94       0x46 Drivers/STM32F1xx_HAL_Driver/Src/stm32f1xx_hal_tim.o
                0x0000000008007b94                HAL_TIM_Base_Start_IT
 .text.HAL_TIM_IRQHandler
                0x0000000008007bda      0x210 Drivers/STM32F1xx_HAL_Driver/Src/stm32f1xx_hal_tim.o
                0x0000000008007bda                HAL_TIM_IRQHandler
 .text.HAL_TIM_ConfigClockSource
                0x0000000008007dea      0x16e Drivers/STM32F1xx_HAL_Driver/Src/stm32f1xx_hal_tim.o
                0x0000000008007dea                HAL_TIM_ConfigClockSource
 .text.HAL_TIM_OC_DelayElapsedCallback
                0x0000000008007f58       0x12 Drivers/STM32F1xx_HAL_Driver/Src/stm32f1xx_hal_tim.o
                0x0000000008007f58                HAL_TIM_OC_DelayElapsedCallback
 .text.HAL_TIM_IC_CaptureCallback
                0x0000000008007f6a       0x12 Drivers/STM32F1xx_HAL_Driver/Src/stm32f1xx_hal_tim.o
                0x0000000008007f6a                HAL_TIM_IC_CaptureCallback
 .text.HAL_TIM_PWM_PulseFinishedCallback
                0x0000000008007f7c       0x12 Drivers/STM32F1xx_HAL_Driver/Src/stm32f1xx_hal_tim.o
                0x0000000008007f7c                HAL_TIM_PWM_PulseFinishedCallback
 .text.HAL_TIM_TriggerCallback
                0x0000000008007f8e       0x12 Drivers/STM32F1xx_HAL_Driver/Src/stm32f1xx_hal_tim.o
                0x0000000008007f8e                HAL_TIM_TriggerCallback
 .text.TIM_Base_SetConfig
                0x0000000008007fa0       0xc4 Drivers/STM32F1xx_HAL_Driver/Src/stm32f1xx_hal_tim.o
                0x0000000008007fa0                TIM_Base_SetConfig
 .text.TIM_TI1_ConfigInputStage
                0x0000000008008064       0x5c Drivers/STM32F1xx_HAL_Driver/Src/stm32f1xx_hal_tim.o
 .text.TIM_TI2_ConfigInputStage
                0x00000000080080c0       0x5e Drivers/STM32F1xx_HAL_Driver/Src/stm32f1xx_hal_tim.o
 .text.TIM_ITRx_SetConfig
                0x000000000800811e       0x34 Drivers/STM32F1xx_HAL_Driver/Src/stm32f1xx_hal_tim.o
 .text.TIM_ETR_SetConfig
                0x0000000008008152       0x3e Drivers/STM32F1xx_HAL_Driver/Src/stm32f1xx_hal_tim.o
                0x0000000008008152                TIM_ETR_SetConfig
 .text.HAL_TIMEx_MasterConfigSynchronization
                0x0000000008008190       0x88 Drivers/STM32F1xx_HAL_Driver/Src/stm32f1xx_hal_tim_ex.o
                0x0000000008008190                HAL_TIMEx_MasterConfigSynchronization
 .text.HAL_TIMEx_CommutCallback
                0x0000000008008218       0x12 Drivers/STM32F1xx_HAL_Driver/Src/stm32f1xx_hal_tim_ex.o
                0x0000000008008218                HAL_TIMEx_CommutCallback
 .text.HAL_TIMEx_BreakCallback
                0x000000000800822a       0x12 Drivers/STM32F1xx_HAL_Driver/Src/stm32f1xx_hal_tim_ex.o
                0x000000000800822a                HAL_TIMEx_BreakCallback
 .text.HAL_UART_Init
                0x000000000800823c       0x9a Drivers/STM32F1xx_HAL_Driver/Src/stm32f1xx_hal_uart.o
                0x000000000800823c                HAL_UART_Init
 *fill*         0x00000000080082d6        0x2 
 .text.HAL_UART_IRQHandler
                0x00000000080082d8      0x1f8 Drivers/STM32F1xx_HAL_Driver/Src/stm32f1xx_hal_uart.o
                0x00000000080082d8                HAL_UART_IRQHandler
 .text.HAL_UART_TxCpltCallback
                0x00000000080084d0       0x12 Drivers/STM32F1xx_HAL_Driver/Src/stm32f1xx_hal_uart.o
                0x00000000080084d0                HAL_UART_TxCpltCallback
 .text.HAL_UART_RxCpltCallback
                0x00000000080084e2       0x12 Drivers/STM32F1xx_HAL_Driver/Src/stm32f1xx_hal_uart.o
                0x00000000080084e2                HAL_UART_RxCpltCallback
 .text.HAL_UART_ErrorCallback
                0x00000000080084f4       0x12 Drivers/STM32F1xx_HAL_Driver/Src/stm32f1xx_hal_uart.o
                0x00000000080084f4                HAL_UART_ErrorCallback
 .text.UART_EndRxTransfer
                0x0000000008008506       0x3a Drivers/STM32F1xx_HAL_Driver/Src/stm32f1xx_hal_uart.o
 .text.UART_DMAAbortOnError
                0x0000000008008540       0x28 Drivers/STM32F1xx_HAL_Driver/Src/stm32f1xx_hal_uart.o
 .text.UART_Transmit_IT
                0x0000000008008568       0xaa Drivers/STM32F1xx_HAL_Driver/Src/stm32f1xx_hal_uart.o
 .text.UART_EndTransmit_IT
                0x0000000008008612       0x30 Drivers/STM32F1xx_HAL_Driver/Src/stm32f1xx_hal_uart.o
 .text.UART_Receive_IT
                0x0000000008008642      0x102 Drivers/STM32F1xx_HAL_Driver/Src/stm32f1xx_hal_uart.o
 .text.UART_SetConfig
                0x0000000008008744      0x1b4 Drivers/STM32F1xx_HAL_Driver/Src/stm32f1xx_hal_uart.o
 .text.__errno  0x00000000080088f8        0xc /opt/st/stm32cubeide_1.4.0/plugins/com.st.stm32cube.ide.mcu.externaltools.gnu-tools-for-stm32.7-2018-q2-update.linux64_1.4.0.202007081208/tools/bin/../lib/gcc/arm-none-eabi/7.3.1/../../../../arm-none-eabi/lib/thumb/v7-m/libc_nano.a(lib_a-errno.o)
                0x00000000080088f8                __errno
 .text.__libc_init_array
                0x0000000008008904       0x48 /opt/st/stm32cubeide_1.4.0/plugins/com.st.stm32cube.ide.mcu.externaltools.gnu-tools-for-stm32.7-2018-q2-update.linux64_1.4.0.202007081208/tools/bin/../lib/gcc/arm-none-eabi/7.3.1/../../../../arm-none-eabi/lib/thumb/v7-m/libc_nano.a(lib_a-init.o)
                0x0000000008008904                __libc_init_array
 .text.memset   0x000000000800894c       0x10 /opt/st/stm32cubeide_1.4.0/plugins/com.st.stm32cube.ide.mcu.externaltools.gnu-tools-for-stm32.7-2018-q2-update.linux64_1.4.0.202007081208/tools/bin/../lib/gcc/arm-none-eabi/7.3.1/../../../../arm-none-eabi/lib/thumb/v7-m/libc_nano.a(lib_a-memset.o)
                0x000000000800894c                memset
 .text.sprintf  0x000000000800895c       0x40 /opt/st/stm32cubeide_1.4.0/plugins/com.st.stm32cube.ide.mcu.externaltools.gnu-tools-for-stm32.7-2018-q2-update.linux64_1.4.0.202007081208/tools/bin/../lib/gcc/arm-none-eabi/7.3.1/../../../../arm-none-eabi/lib/thumb/v7-m/libc_nano.a(lib_a-sprintf.o)
                0x000000000800895c                sprintf
                0x000000000800895c                siprintf
 .text.__ssputs_r
                0x000000000800899c       0xb4 /opt/st/stm32cubeide_1.4.0/plugins/com.st.stm32cube.ide.mcu.externaltools.gnu-tools-for-stm32.7-2018-q2-update.linux64_1.4.0.202007081208/tools/bin/../lib/gcc/arm-none-eabi/7.3.1/../../../../arm-none-eabi/lib/thumb/v7-m/libc_nano.a(lib_a-nano-svfprintf.o)
                0x000000000800899c                __ssputs_r
 .text._svfprintf_r
                0x0000000008008a50      0x1f0 /opt/st/stm32cubeide_1.4.0/plugins/com.st.stm32cube.ide.mcu.externaltools.gnu-tools-for-stm32.7-2018-q2-update.linux64_1.4.0.202007081208/tools/bin/../lib/gcc/arm-none-eabi/7.3.1/../../../../arm-none-eabi/lib/thumb/v7-m/libc_nano.a(lib_a-nano-svfprintf.o)
                0x0000000008008a50                _svfprintf_r
                0x0000000008008a50                _svfiprintf_r
 .text._printf_common
                0x0000000008008c40       0xec /opt/st/stm32cubeide_1.4.0/plugins/com.st.stm32cube.ide.mcu.externaltools.gnu-tools-for-stm32.7-2018-q2-update.linux64_1.4.0.202007081208/tools/bin/../lib/gcc/arm-none-eabi/7.3.1/../../../../arm-none-eabi/lib/thumb/v7-m/libc_nano.a(lib_a-nano-vfprintf_i.o)
                0x0000000008008c40                _printf_common
 .text._printf_i
                0x0000000008008d2c      0x224 /opt/st/stm32cubeide_1.4.0/plugins/com.st.stm32cube.ide.mcu.externaltools.gnu-tools-for-stm32.7-2018-q2-update.linux64_1.4.0.202007081208/tools/bin/../lib/gcc/arm-none-eabi/7.3.1/../../../../arm-none-eabi/lib/thumb/v7-m/libc_nano.a(lib_a-nano-vfprintf_i.o)
                0x0000000008008d2c                _printf_i
 .text.memchr   0x0000000008008f50       0x1c /opt/st/stm32cubeide_1.4.0/plugins/com.st.stm32cube.ide.mcu.externaltools.gnu-tools-for-stm32.7-2018-q2-update.linux64_1.4.0.202007081208/tools/bin/../lib/gcc/arm-none-eabi/7.3.1/../../../../arm-none-eabi/lib/thumb/v7-m/libc_nano.a(lib_a-memchr-stub.o)
                0x0000000008008f50                memchr
 .text.memcpy   0x0000000008008f6c       0x16 /opt/st/stm32cubeide_1.4.0/plugins/com.st.stm32cube.ide.mcu.externaltools.gnu-tools-for-stm32.7-2018-q2-update.linux64_1.4.0.202007081208/tools/bin/../lib/gcc/arm-none-eabi/7.3.1/../../../../arm-none-eabi/lib/thumb/v7-m/libc_nano.a(lib_a-memcpy-stub.o)
                0x0000000008008f6c                memcpy
 .text.memmove  0x0000000008008f82       0x32 /opt/st/stm32cubeide_1.4.0/plugins/com.st.stm32cube.ide.mcu.externaltools.gnu-tools-for-stm32.7-2018-q2-update.linux64_1.4.0.202007081208/tools/bin/../lib/gcc/arm-none-eabi/7.3.1/../../../../arm-none-eabi/lib/thumb/v7-m/libc_nano.a(lib_a-memmove.o)
                0x0000000008008f82                memmove
 .text._free_r  0x0000000008008fb4       0x98 /opt/st/stm32cubeide_1.4.0/plugins/com.st.stm32cube.ide.mcu.externaltools.gnu-tools-for-stm32.7-2018-q2-update.linux64_1.4.0.202007081208/tools/bin/../lib/gcc/arm-none-eabi/7.3.1/../../../../arm-none-eabi/lib/thumb/v7-m/libc_nano.a(lib_a-nano-freer.o)
                0x0000000008008fb4                _free_r
 .text._malloc_r
                0x000000000800904c       0xb4 /opt/st/stm32cubeide_1.4.0/plugins/com.st.stm32cube.ide.mcu.externaltools.gnu-tools-for-stm32.7-2018-q2-update.linux64_1.4.0.202007081208/tools/bin/../lib/gcc/arm-none-eabi/7.3.1/../../../../arm-none-eabi/lib/thumb/v7-m/libc_nano.a(lib_a-nano-mallocr.o)
                0x000000000800904c                _malloc_r
 .text._realloc_r
                0x0000000008009100       0x4c /opt/st/stm32cubeide_1.4.0/plugins/com.st.stm32cube.ide.mcu.externaltools.gnu-tools-for-stm32.7-2018-q2-update.linux64_1.4.0.202007081208/tools/bin/../lib/gcc/arm-none-eabi/7.3.1/../../../../arm-none-eabi/lib/thumb/v7-m/libc_nano.a(lib_a-nano-reallocr.o)
                0x0000000008009100                _realloc_r
 .text._sbrk_r  0x000000000800914c       0x20 /opt/st/stm32cubeide_1.4.0/plugins/com.st.stm32cube.ide.mcu.externaltools.gnu-tools-for-stm32.7-2018-q2-update.linux64_1.4.0.202007081208/tools/bin/../lib/gcc/arm-none-eabi/7.3.1/../../../../arm-none-eabi/lib/thumb/v7-m/libc_nano.a(lib_a-sbrkr.o)
                0x000000000800914c                _sbrk_r
 .text.__malloc_lock
                0x000000000800916c        0x2 /opt/st/stm32cubeide_1.4.0/plugins/com.st.stm32cube.ide.mcu.externaltools.gnu-tools-for-stm32.7-2018-q2-update.linux64_1.4.0.202007081208/tools/bin/../lib/gcc/arm-none-eabi/7.3.1/../../../../arm-none-eabi/lib/thumb/v7-m/libc_nano.a(lib_a-mlock.o)
                0x000000000800916c                __malloc_lock
 .text.__malloc_unlock
                0x000000000800916e        0x2 /opt/st/stm32cubeide_1.4.0/plugins/com.st.stm32cube.ide.mcu.externaltools.gnu-tools-for-stm32.7-2018-q2-update.linux64_1.4.0.202007081208/tools/bin/../lib/gcc/arm-none-eabi/7.3.1/../../../../arm-none-eabi/lib/thumb/v7-m/libc_nano.a(lib_a-mlock.o)
                0x000000000800916e                __malloc_unlock
 .text._malloc_usable_size_r
                0x0000000008009170       0x10 /opt/st/stm32cubeide_1.4.0/plugins/com.st.stm32cube.ide.mcu.externaltools.gnu-tools-for-stm32.7-2018-q2-update.linux64_1.4.0.202007081208/tools/bin/../lib/gcc/arm-none-eabi/7.3.1/../../../../arm-none-eabi/lib/thumb/v7-m/libc_nano.a(lib_a-nano-msizer.o)
                0x0000000008009170                _malloc_usable_size_r
 *(.glue_7)
 .glue_7        0x0000000008009180        0x0 linker stubs
 *(.glue_7t)
 .glue_7t       0x0000000008009180        0x0 linker stubs
 *(.eh_frame)
 .eh_frame      0x0000000008009180        0x0 /opt/st/stm32cubeide_1.4.0/plugins/com.st.stm32cube.ide.mcu.externaltools.gnu-tools-for-stm32.7-2018-q2-update.linux64_1.4.0.202007081208/tools/bin/../lib/gcc/arm-none-eabi/7.3.1/thumb/v7-m/crtbegin.o
 *(.init)
 .init          0x0000000008009180        0x4 /opt/st/stm32cubeide_1.4.0/plugins/com.st.stm32cube.ide.mcu.externaltools.gnu-tools-for-stm32.7-2018-q2-update.linux64_1.4.0.202007081208/tools/bin/../lib/gcc/arm-none-eabi/7.3.1/thumb/v7-m/crti.o
                0x0000000008009180                _init
 .init          0x0000000008009184        0x8 /opt/st/stm32cubeide_1.4.0/plugins/com.st.stm32cube.ide.mcu.externaltools.gnu-tools-for-stm32.7-2018-q2-update.linux64_1.4.0.202007081208/tools/bin/../lib/gcc/arm-none-eabi/7.3.1/thumb/v7-m/crtn.o
 *(.fini)
 .fini          0x000000000800918c        0x4 /opt/st/stm32cubeide_1.4.0/plugins/com.st.stm32cube.ide.mcu.externaltools.gnu-tools-for-stm32.7-2018-q2-update.linux64_1.4.0.202007081208/tools/bin/../lib/gcc/arm-none-eabi/7.3.1/thumb/v7-m/crti.o
                0x000000000800918c                _fini
 .fini          0x0000000008009190        0x8 /opt/st/stm32cubeide_1.4.0/plugins/com.st.stm32cube.ide.mcu.externaltools.gnu-tools-for-stm32.7-2018-q2-update.linux64_1.4.0.202007081208/tools/bin/../lib/gcc/arm-none-eabi/7.3.1/thumb/v7-m/crtn.o
                0x0000000008009198                . = ALIGN (0x4)
                0x0000000008009198                _etext = .

.vfp11_veneer   0x0000000008009198        0x0
 .vfp11_veneer  0x0000000008009198        0x0 linker stubs

.v4_bx          0x0000000008009198        0x0
 .v4_bx         0x0000000008009198        0x0 linker stubs

.iplt           0x0000000008009198        0x0
 .iplt          0x0000000008009198        0x0 /opt/st/stm32cubeide_1.4.0/plugins/com.st.stm32cube.ide.mcu.externaltools.gnu-tools-for-stm32.7-2018-q2-update.linux64_1.4.0.202007081208/tools/bin/../lib/gcc/arm-none-eabi/7.3.1/thumb/v7-m/crtbegin.o

.rodata         0x0000000008009198      0x3cc
                0x0000000008009198                . = ALIGN (0x4)
 *(.rodata)
 .rodata        0x0000000008009198        0x8 Core/Src/DHT.o
 .rodata        0x00000000080091a0      0x34e Core/Src/menuPantallas.o
 *fill*         0x00000000080094ee        0x2 
 .rodata        0x00000000080094f0       0x12 Drivers/STM32F1xx_HAL_Driver/Src/stm32f1xx_hal_rcc.o
 *fill*         0x0000000008009502        0x2 
 .rodata        0x0000000008009504       0x12 Drivers/STM32F1xx_HAL_Driver/Src/stm32f1xx_hal_rcc_ex.o
 *(.rodata*)
 *fill*         0x0000000008009516        0x2 
 .rodata.AHBPrescTable
                0x0000000008009518       0x10 Core/Src/system_stm32f1xx.o
                0x0000000008009518                AHBPrescTable
 .rodata.APBPrescTable
                0x0000000008009528        0x8 Core/Src/system_stm32f1xx.o
                0x0000000008009528                APBPrescTable
 .rodata._svfprintf_r.str1.1
                0x0000000008009530       0x11 /opt/st/stm32cubeide_1.4.0/plugins/com.st.stm32cube.ide.mcu.externaltools.gnu-tools-for-stm32.7-2018-q2-update.linux64_1.4.0.202007081208/tools/bin/../lib/gcc/arm-none-eabi/7.3.1/../../../../arm-none-eabi/lib/thumb/v7-m/libc_nano.a(lib_a-nano-svfprintf.o)
 .rodata._printf_i.str1.1
                0x0000000008009541       0x22 /opt/st/stm32cubeide_1.4.0/plugins/com.st.stm32cube.ide.mcu.externaltools.gnu-tools-for-stm32.7-2018-q2-update.linux64_1.4.0.202007081208/tools/bin/../lib/gcc/arm-none-eabi/7.3.1/../../../../arm-none-eabi/lib/thumb/v7-m/libc_nano.a(lib_a-nano-vfprintf_i.o)
                0x0000000008009564                . = ALIGN (0x4)
 *fill*         0x0000000008009563        0x1 

.rel.dyn        0x0000000008009564        0x0
 .rel.iplt      0x0000000008009564        0x0 /opt/st/stm32cubeide_1.4.0/plugins/com.st.stm32cube.ide.mcu.externaltools.gnu-tools-for-stm32.7-2018-q2-update.linux64_1.4.0.202007081208/tools/bin/../lib/gcc/arm-none-eabi/7.3.1/thumb/v7-m/crtbegin.o

.ARM.extab      0x0000000008009564        0x0
                0x0000000008009564                . = ALIGN (0x4)
 *(.ARM.extab* .gnu.linkonce.armextab.*)
                0x0000000008009564                . = ALIGN (0x4)

.ARM            0x0000000008009564        0x0
                0x0000000008009564                . = ALIGN (0x4)
                0x0000000008009564                __exidx_start = .
 *(.ARM.exidx*)
                0x0000000008009564                __exidx_end = .
                0x0000000008009564                . = ALIGN (0x4)

.preinit_array  0x0000000008009564        0x0
                0x0000000008009564                . = ALIGN (0x4)
                0x0000000008009564                PROVIDE (__preinit_array_start = .)
 *(.preinit_array*)
                0x0000000008009564                PROVIDE (__preinit_array_end = .)
                0x0000000008009564                . = ALIGN (0x4)

.init_array     0x0000000008009564        0x4
                0x0000000008009564                . = ALIGN (0x4)
                0x0000000008009564                PROVIDE (__init_array_start = .)
 *(SORT_BY_NAME(.init_array.*))
 *(.init_array*)
 .init_array    0x0000000008009564        0x4 /opt/st/stm32cubeide_1.4.0/plugins/com.st.stm32cube.ide.mcu.externaltools.gnu-tools-for-stm32.7-2018-q2-update.linux64_1.4.0.202007081208/tools/bin/../lib/gcc/arm-none-eabi/7.3.1/thumb/v7-m/crtbegin.o
                0x0000000008009568                PROVIDE (__init_array_end = .)
                0x0000000008009568                . = ALIGN (0x4)

.fini_array     0x0000000008009568        0x4
                0x0000000008009568                . = ALIGN (0x4)
                [!provide]                        PROVIDE (__fini_array_start = .)
 *(SORT_BY_NAME(.fini_array.*))
 *(.fini_array*)
 .fini_array    0x0000000008009568        0x4 /opt/st/stm32cubeide_1.4.0/plugins/com.st.stm32cube.ide.mcu.externaltools.gnu-tools-for-stm32.7-2018-q2-update.linux64_1.4.0.202007081208/tools/bin/../lib/gcc/arm-none-eabi/7.3.1/thumb/v7-m/crtbegin.o
                [!provide]                        PROVIDE (__fini_array_end = .)
                0x000000000800956c                . = ALIGN (0x4)
                0x000000000800956c                _sidata = LOADADDR (.data)

.data           0x0000000020000000      0x130 load address 0x000000000800956c
                0x0000000020000000                . = ALIGN (0x4)
                0x0000000020000000                _sdata = .
 *(.data)
 *(.data*)
 .data.flag_sinBotones
                0x0000000020000000        0x1 Core/Src/IOport_lfs.o
                0x0000000020000000                flag_sinBotones
 .data.write_output
                0x0000000020000001        0x1 Core/Src/IOport_lfs.o
 *fill*         0x0000000020000002        0x2 
 .data.umbralMaxLDR
                0x0000000020000004        0x4 Core/Src/funciones_domotica.o
 .data.umbralMinLDR
                0x0000000020000008        0x4 Core/Src/funciones_domotica.o
 .data.modoAuto
                0x000000002000000c        0x1 Core/Src/funciones_domotica.o
                0x000000002000000c                modoAuto
 *fill*         0x000000002000000d        0x3 
 .data.sensorDHT
                0x0000000020000010       0x14 Core/Src/funciones_domotica.o
 .data.timeout_saveLuzMan
                0x0000000020000024        0x2 Core/Src/funciones_domotica.o
                0x0000000020000024                timeout_saveLuzMan
 .data.periodo_IOport
                0x0000000020000026        0x1 Core/Src/main.o
                0x0000000020000026                periodo_IOport
 .data.periodo_temp
                0x0000000020000027        0x1 Core/Src/main.o
                0x0000000020000027                periodo_temp
 .data.arriba   0x0000000020000028        0x8 Core/Src/menuPantallas.o
                0x0000000020000028                arriba
 .data.abajo    0x0000000020000030        0x8 Core/Src/menuPantallas.o
                0x0000000020000030                abajo
 .data.grados   0x0000000020000038        0x8 Core/Src/menuPantallas.o
                0x0000000020000038                grados
 .data.diasPorMes
                0x0000000020000040        0xd Core/Src/menuPantallas.o
                0x0000000020000040                diasPorMes
 *fill*         0x000000002000004d        0x3 
 .data.menu     0x0000000020000050       0x70 Core/Src/menuPantallas.o
                0x0000000020000050                menu
 .data.SystemCoreClock
                0x00000000200000c0        0x4 Core/Src/system_stm32f1xx.o
                0x00000000200000c0                SystemCoreClock
 .data.uwTickPrio
                0x00000000200000c4        0x4 Drivers/STM32F1xx_HAL_Driver/Src/stm32f1xx_hal.o
                0x00000000200000c4                uwTickPrio
 .data.uwTickFreq
                0x00000000200000c8        0x1 Drivers/STM32F1xx_HAL_Driver/Src/stm32f1xx_hal.o
                0x00000000200000c8                uwTickFreq
 *fill*         0x00000000200000c9        0x3 
 .data._impure_ptr
                0x00000000200000cc        0x4 /opt/st/stm32cubeide_1.4.0/plugins/com.st.stm32cube.ide.mcu.externaltools.gnu-tools-for-stm32.7-2018-q2-update.linux64_1.4.0.202007081208/tools/bin/../lib/gcc/arm-none-eabi/7.3.1/../../../../arm-none-eabi/lib/thumb/v7-m/libc_nano.a(lib_a-impure.o)
                0x00000000200000cc                _impure_ptr
 .data.impure_data
                0x00000000200000d0       0x60 /opt/st/stm32cubeide_1.4.0/plugins/com.st.stm32cube.ide.mcu.externaltools.gnu-tools-for-stm32.7-2018-q2-update.linux64_1.4.0.202007081208/tools/bin/../lib/gcc/arm-none-eabi/7.3.1/../../../../arm-none-eabi/lib/thumb/v7-m/libc_nano.a(lib_a-impure.o)
 *(.RamFunc)
 *(.RamFunc*)
                0x0000000020000130                . = ALIGN (0x4)
                0x0000000020000130                _edata = .

.igot.plt       0x0000000020000130        0x0 load address 0x000000000800969c
 .igot.plt      0x0000000020000130        0x0 /opt/st/stm32cubeide_1.4.0/plugins/com.st.stm32cube.ide.mcu.externaltools.gnu-tools-for-stm32.7-2018-q2-update.linux64_1.4.0.202007081208/tools/bin/../lib/gcc/arm-none-eabi/7.3.1/thumb/v7-m/crtbegin.o
                0x0000000020000130                . = ALIGN (0x4)

.bss            0x0000000020000130      0x290 load address 0x000000000800969c
                0x0000000020000130                _sbss = .
                0x0000000020000130                __bss_start__ = _sbss
 *(.bss)
 .bss           0x0000000020000130       0x1c /opt/st/stm32cubeide_1.4.0/plugins/com.st.stm32cube.ide.mcu.externaltools.gnu-tools-for-stm32.7-2018-q2-update.linux64_1.4.0.202007081208/tools/bin/../lib/gcc/arm-none-eabi/7.3.1/thumb/v7-m/crtbegin.o
 *(.bss*)
 .bss.read_input
                0x000000002000014c        0x1 Core/Src/IOport_lfs.o
 .bss.last_input
                0x000000002000014d        0x1 Core/Src/IOport_lfs.o
 .bss.fall_input
                0x000000002000014e        0x1 Core/Src/IOport_lfs.o
 .bss.rise_input
                0x000000002000014f        0x1 Core/Src/IOport_lfs.o
 .bss.i2c_handler
                0x0000000020000150        0x4 Core/Src/PCF8574_lfs.o
 .bss.lecturaLDR
                0x0000000020000154        0x4 Core/Src/funciones_domotica.o
 .bss.flag_LDR  0x0000000020000158        0x1 Core/Src/funciones_domotica.o
                0x0000000020000158                flag_LDR
 .bss.acum_umbral
                0x0000000020000159        0x1 Core/Src/funciones_domotica.o
                0x0000000020000159                acum_umbral
 *fill*         0x000000002000015a        0x2 
 .bss.timeout_regHora
                0x000000002000015c        0x4 Core/Src/funciones_domotica.o
                0x000000002000015c                timeout_regHora
 .bss.flag_regHora
                0x0000000020000160        0x1 Core/Src/funciones_domotica.o
                0x0000000020000160                flag_regHora
 .bss.falseStart
                0x0000000020000161        0x1 Core/Src/iwdg.o
 .bss.flag_tim2
                0x0000000020000162        0x1 Core/Src/main.o
                0x0000000020000162                flag_tim2
 .bss.resets    0x0000000020000163        0x1 Core/Src/main.o
                0x0000000020000163                resets
 .bss.texto     0x0000000020000164       0x32 Core/Src/menuPantallas.o
 .bss.timeOut_pantalla
                0x0000000020000196        0x2 Core/Src/menuPantallas.o
                0x0000000020000196                timeOut_pantalla
 .bss.flag_infoDHT
                0x0000000020000198        0x1 Core/Src/menuPantallas.o
                0x0000000020000198                flag_infoDHT
 .bss.flag_infoModo
                0x0000000020000199        0x1 Core/Src/menuPantallas.o
                0x0000000020000199                flag_infoModo
 .bss.cursor    0x000000002000019a        0x1 Core/Src/menuPantallas.o
                0x000000002000019a                cursor
 .bss.pantallaUmbral
                0x000000002000019b        0x1 Core/Src/menuPantallas.o
                0x000000002000019b                pantallaUmbral
 .bss.cursor_fechaHora
                0x000000002000019c        0x1 Core/Src/menuPantallas.o
                0x000000002000019c                cursor_fechaHora
 .bss.pant_horaFecha
                0x000000002000019d        0x1 Core/Src/menuPantallas.o
                0x000000002000019d                pant_horaFecha
 .bss.cursor_debug
                0x000000002000019e        0x1 Core/Src/menuPantallas.o
                0x000000002000019e                cursor_debug
 .bss.cuentaResets
                0x000000002000019f        0x1 Core/Src/menuPantallas.o
 .bss.pantDebug
                0x00000000200001a0        0x1 Core/Src/menuPantallas.o
                0x00000000200001a0                pantDebug
 .bss.holdBoton
                0x00000000200001a1        0x1 Core/Src/menuPantallas.o
                0x00000000200001a1                holdBoton
 .bss.flag_holdBoton
                0x00000000200001a2        0x1 Core/Src/menuPantallas.o
                0x00000000200001a2                flag_holdBoton
 .bss.repitePulso
                0x00000000200001a3        0x1 Core/Src/menuPantallas.o
                0x00000000200001a3                repitePulso
 .bss.__sbrk_heap_end
                0x00000000200001a4        0x4 Core/Src/sysmem.o
 .bss.__malloc_free_list
                0x00000000200001a8        0x4 /opt/st/stm32cubeide_1.4.0/plugins/com.st.stm32cube.ide.mcu.externaltools.gnu-tools-for-stm32.7-2018-q2-update.linux64_1.4.0.202007081208/tools/bin/../lib/gcc/arm-none-eabi/7.3.1/../../../../arm-none-eabi/lib/thumb/v7-m/libc_nano.a(lib_a-nano-mallocr.o)
                0x00000000200001a8                __malloc_free_list
 .bss.__malloc_sbrk_start
                0x00000000200001ac        0x4 /opt/st/stm32cubeide_1.4.0/plugins/com.st.stm32cube.ide.mcu.externaltools.gnu-tools-for-stm32.7-2018-q2-update.linux64_1.4.0.202007081208/tools/bin/../lib/gcc/arm-none-eabi/7.3.1/../../../../arm-none-eabi/lib/thumb/v7-m/libc_nano.a(lib_a-nano-mallocr.o)
                0x00000000200001ac                __malloc_sbrk_start
 *(COMMON)
 COMMON         0x00000000200001b0        0x1 Core/Src/PCF8574_lfs.o
                0x00000000200001b0                addressPCF8574
 *fill*         0x00000000200001b1        0x3 
 COMMON         0x00000000200001b4       0x60 Core/Src/adc.o
                0x00000000200001b4                hadc2
                0x00000000200001e4                hadc1
 COMMON         0x0000000020000214       0x18 Core/Src/funciones_domotica.o
                0x0000000020000214                auxFechaOff
                0x0000000020000218                datosDHT
                0x0000000020000220                estadoRele
                0x0000000020000224                auxHoraOff
                0x0000000020000228                hadc
 COMMON         0x000000002000022c        0x8 Core/Src/hora_tablero.o
                0x000000002000022c                hora
                0x0000000020000230                aux_fecha
 COMMON         0x0000000020000234       0x54 Core/Src/i2c.o
                0x0000000020000234                hi2c1
 COMMON         0x0000000020000288        0xc Core/Src/iwdg.o
                0x0000000020000288                hiwdg
 COMMON         0x0000000020000294        0x8 Core/Src/lcd_i2c_lfs.o
                0x0000000020000294                SLAVE_ADDRESS_LCD
                0x0000000020000298                i2c_handler
 COMMON         0x000000002000029c       0x2d Core/Src/menuPantallas.o
                0x000000002000029c                menuActual
                0x00000000200002a0                diaSemana
                0x00000000200002a4                muestraFecha
                0x00000000200002a8                menuAux
                0x00000000200002ac                muestraHoraOff
                0x00000000200002b0                valorUmbral
                0x00000000200002b4                humedad
                0x00000000200002b5                validaLectura
                0x00000000200002b6                modoLuz
                0x00000000200002b8                muestraHora
                0x00000000200002bc                muestraFechaOff
                0x00000000200002c0                sensorDHT
                0x00000000200002c8                temperatura
 *fill*         0x00000000200002c9        0x3 
 COMMON         0x00000000200002cc       0x14 Core/Src/rtc.o
                0x00000000200002cc                hrtc
 COMMON         0x00000000200002e0       0x58 Core/Src/spi.o
                0x00000000200002e0                hspi1
 COMMON         0x0000000020000338       0x40 Core/Src/tim.o
                0x0000000020000338                htim2
 COMMON         0x0000000020000378       0x40 Core/Src/usart.o
                0x0000000020000378                huart1
 COMMON         0x00000000200003b8        0x4 Drivers/STM32F1xx_HAL_Driver/Src/stm32f1xx_hal.o
                0x00000000200003b8                uwTick
 COMMON         0x00000000200003bc        0x4 /opt/st/stm32cubeide_1.4.0/plugins/com.st.stm32cube.ide.mcu.externaltools.gnu-tools-for-stm32.7-2018-q2-update.linux64_1.4.0.202007081208/tools/bin/../lib/gcc/arm-none-eabi/7.3.1/../../../../arm-none-eabi/lib/thumb/v7-m/libc_nano.a(lib_a-reent.o)
                0x00000000200003bc                errno
                0x00000000200003c0                . = ALIGN (0x4)
                0x00000000200003c0                _ebss = .
                0x00000000200003c0                __bss_end__ = _ebss

._user_heap_stack
                0x00000000200003c0      0x600 load address 0x000000000800969c
                0x00000000200003c0                . = ALIGN (0x8)
                [!provide]                        PROVIDE (end = .)
                0x00000000200003c0                PROVIDE (_end = .)
                0x00000000200005c0                . = (. + _Min_Heap_Size)
 *fill*         0x00000000200003c0      0x200 
                0x00000000200009c0                . = (. + _Min_Stack_Size)
 *fill*         0x00000000200005c0      0x400 
                0x00000000200009c0                . = ALIGN (0x8)

/DISCARD/
 libc.a(*)
 libm.a(*)
 libgcc.a(*)

.ARM.attributes
                0x0000000000000000       0x29
 *(.ARM.attributes)
 .ARM.attributes
                0x0000000000000000       0x1d /opt/st/stm32cubeide_1.4.0/plugins/com.st.stm32cube.ide.mcu.externaltools.gnu-tools-for-stm32.7-2018-q2-update.linux64_1.4.0.202007081208/tools/bin/../lib/gcc/arm-none-eabi/7.3.1/thumb/v7-m/crti.o
 .ARM.attributes
                0x000000000000001d       0x2d /opt/st/stm32cubeide_1.4.0/plugins/com.st.stm32cube.ide.mcu.externaltools.gnu-tools-for-stm32.7-2018-q2-update.linux64_1.4.0.202007081208/tools/bin/../lib/gcc/arm-none-eabi/7.3.1/thumb/v7-m/crtbegin.o
 .ARM.attributes
                0x000000000000004a       0x33 Core/Src/DHT.o
 .ARM.attributes
                0x000000000000007d       0x33 Core/Src/IOport_lfs.o
 .ARM.attributes
                0x00000000000000b0       0x33 Core/Src/PCF8574_lfs.o
 .ARM.attributes
                0x00000000000000e3       0x33 Core/Src/adc.o
 .ARM.attributes
                0x0000000000000116       0x33 Core/Src/funciones_domotica.o
 .ARM.attributes
                0x0000000000000149       0x33 Core/Src/gpio.o
 .ARM.attributes
                0x000000000000017c       0x33 Core/Src/hora_tablero.o
 .ARM.attributes
                0x00000000000001af       0x33 Core/Src/i2c.o
 .ARM.attributes
                0x00000000000001e2       0x33 Core/Src/iwdg.o
 .ARM.attributes
                0x0000000000000215       0x33 Core/Src/lcd_i2c_lfs.o
 .ARM.attributes
                0x0000000000000248       0x33 Core/Src/main.o
 .ARM.attributes
                0x000000000000027b       0x33 Core/Src/menuPantallas.o
 .ARM.attributes
                0x00000000000002ae       0x33 Core/Src/rtc.o
 .ARM.attributes
                0x00000000000002e1       0x33 Core/Src/spi.o
 .ARM.attributes
                0x0000000000000314       0x33 Core/Src/stm32f1xx_hal_msp.o
 .ARM.attributes
                0x0000000000000347       0x33 Core/Src/stm32f1xx_it.o
 .ARM.attributes
                0x000000000000037a       0x33 Core/Src/sysmem.o
 .ARM.attributes
                0x00000000000003ad       0x33 Core/Src/system_stm32f1xx.o
 .ARM.attributes
                0x00000000000003e0       0x33 Core/Src/tim.o
 .ARM.attributes
                0x0000000000000413       0x33 Core/Src/usart.o
 .ARM.attributes
                0x0000000000000446       0x21 Core/Startup/startup_stm32f103c8tx.o
 .ARM.attributes
                0x0000000000000467       0x33 Drivers/STM32F1xx_HAL_Driver/Src/stm32f1xx_hal.o
 .ARM.attributes
                0x000000000000049a       0x33 Drivers/STM32F1xx_HAL_Driver/Src/stm32f1xx_hal_adc.o
 .ARM.attributes
                0x00000000000004cd       0x33 Drivers/STM32F1xx_HAL_Driver/Src/stm32f1xx_hal_cortex.o
 .ARM.attributes
                0x0000000000000500       0x33 Drivers/STM32F1xx_HAL_Driver/Src/stm32f1xx_hal_dma.o
 .ARM.attributes
                0x0000000000000533       0x33 Drivers/STM32F1xx_HAL_Driver/Src/stm32f1xx_hal_gpio.o
 .ARM.attributes
                0x0000000000000566       0x33 Drivers/STM32F1xx_HAL_Driver/Src/stm32f1xx_hal_i2c.o
 .ARM.attributes
                0x0000000000000599       0x33 Drivers/STM32F1xx_HAL_Driver/Src/stm32f1xx_hal_iwdg.o
 .ARM.attributes
                0x00000000000005cc       0x33 Drivers/STM32F1xx_HAL_Driver/Src/stm32f1xx_hal_pwr.o
 .ARM.attributes
                0x00000000000005ff       0x33 Drivers/STM32F1xx_HAL_Driver/Src/stm32f1xx_hal_rcc.o
 .ARM.attributes
                0x0000000000000632       0x33 Drivers/STM32F1xx_HAL_Driver/Src/stm32f1xx_hal_rcc_ex.o
 .ARM.attributes
                0x0000000000000665       0x33 Drivers/STM32F1xx_HAL_Driver/Src/stm32f1xx_hal_rtc.o
 .ARM.attributes
                0x0000000000000698       0x33 Drivers/STM32F1xx_HAL_Driver/Src/stm32f1xx_hal_spi.o
 .ARM.attributes
                0x00000000000006cb       0x33 Drivers/STM32F1xx_HAL_Driver/Src/stm32f1xx_hal_tim.o
 .ARM.attributes
                0x00000000000006fe       0x33 Drivers/STM32F1xx_HAL_Driver/Src/stm32f1xx_hal_tim_ex.o
 .ARM.attributes
                0x0000000000000731       0x33 Drivers/STM32F1xx_HAL_Driver/Src/stm32f1xx_hal_uart.o
 .ARM.attributes
                0x0000000000000764       0x2d /opt/st/stm32cubeide_1.4.0/plugins/com.st.stm32cube.ide.mcu.externaltools.gnu-tools-for-stm32.7-2018-q2-update.linux64_1.4.0.202007081208/tools/bin/../lib/gcc/arm-none-eabi/7.3.1/../../../../arm-none-eabi/lib/thumb/v7-m/libc_nano.a(lib_a-errno.o)
 .ARM.attributes
                0x0000000000000791       0x2d /opt/st/stm32cubeide_1.4.0/plugins/com.st.stm32cube.ide.mcu.externaltools.gnu-tools-for-stm32.7-2018-q2-update.linux64_1.4.0.202007081208/tools/bin/../lib/gcc/arm-none-eabi/7.3.1/../../../../arm-none-eabi/lib/thumb/v7-m/libc_nano.a(lib_a-impure.o)
 .ARM.attributes
                0x00000000000007be       0x2d /opt/st/stm32cubeide_1.4.0/plugins/com.st.stm32cube.ide.mcu.externaltools.gnu-tools-for-stm32.7-2018-q2-update.linux64_1.4.0.202007081208/tools/bin/../lib/gcc/arm-none-eabi/7.3.1/../../../../arm-none-eabi/lib/thumb/v7-m/libc_nano.a(lib_a-init.o)
 .ARM.attributes
                0x00000000000007eb       0x2d /opt/st/stm32cubeide_1.4.0/plugins/com.st.stm32cube.ide.mcu.externaltools.gnu-tools-for-stm32.7-2018-q2-update.linux64_1.4.0.202007081208/tools/bin/../lib/gcc/arm-none-eabi/7.3.1/../../../../arm-none-eabi/lib/thumb/v7-m/libc_nano.a(lib_a-memset.o)
 .ARM.attributes
                0x0000000000000818       0x2d /opt/st/stm32cubeide_1.4.0/plugins/com.st.stm32cube.ide.mcu.externaltools.gnu-tools-for-stm32.7-2018-q2-update.linux64_1.4.0.202007081208/tools/bin/../lib/gcc/arm-none-eabi/7.3.1/../../../../arm-none-eabi/lib/thumb/v7-m/libc_nano.a(lib_a-sprintf.o)
 .ARM.attributes
                0x0000000000000845       0x2d /opt/st/stm32cubeide_1.4.0/plugins/com.st.stm32cube.ide.mcu.externaltools.gnu-tools-for-stm32.7-2018-q2-update.linux64_1.4.0.202007081208/tools/bin/../lib/gcc/arm-none-eabi/7.3.1/../../../../arm-none-eabi/lib/thumb/v7-m/libc_nano.a(lib_a-nano-svfprintf.o)
 .ARM.attributes
                0x0000000000000872       0x2d /opt/st/stm32cubeide_1.4.0/plugins/com.st.stm32cube.ide.mcu.externaltools.gnu-tools-for-stm32.7-2018-q2-update.linux64_1.4.0.202007081208/tools/bin/../lib/gcc/arm-none-eabi/7.3.1/../../../../arm-none-eabi/lib/thumb/v7-m/libc_nano.a(lib_a-nano-vfprintf_i.o)
 .ARM.attributes
                0x000000000000089f       0x2d /opt/st/stm32cubeide_1.4.0/plugins/com.st.stm32cube.ide.mcu.externaltools.gnu-tools-for-stm32.7-2018-q2-update.linux64_1.4.0.202007081208/tools/bin/../lib/gcc/arm-none-eabi/7.3.1/../../../../arm-none-eabi/lib/thumb/v7-m/libc_nano.a(lib_a-memchr-stub.o)
 .ARM.attributes
                0x00000000000008cc       0x2d /opt/st/stm32cubeide_1.4.0/plugins/com.st.stm32cube.ide.mcu.externaltools.gnu-tools-for-stm32.7-2018-q2-update.linux64_1.4.0.202007081208/tools/bin/../lib/gcc/arm-none-eabi/7.3.1/../../../../arm-none-eabi/lib/thumb/v7-m/libc_nano.a(lib_a-memcpy-stub.o)
 .ARM.attributes
                0x00000000000008f9       0x2d /opt/st/stm32cubeide_1.4.0/plugins/com.st.stm32cube.ide.mcu.externaltools.gnu-tools-for-stm32.7-2018-q2-update.linux64_1.4.0.202007081208/tools/bin/../lib/gcc/arm-none-eabi/7.3.1/../../../../arm-none-eabi/lib/thumb/v7-m/libc_nano.a(lib_a-memmove.o)
 .ARM.attributes
                0x0000000000000926       0x2d /opt/st/stm32cubeide_1.4.0/plugins/com.st.stm32cube.ide.mcu.externaltools.gnu-tools-for-stm32.7-2018-q2-update.linux64_1.4.0.202007081208/tools/bin/../lib/gcc/arm-none-eabi/7.3.1/../../../../arm-none-eabi/lib/thumb/v7-m/libc_nano.a(lib_a-nano-freer.o)
 .ARM.attributes
                0x0000000000000953       0x2d /opt/st/stm32cubeide_1.4.0/plugins/com.st.stm32cube.ide.mcu.externaltools.gnu-tools-for-stm32.7-2018-q2-update.linux64_1.4.0.202007081208/tools/bin/../lib/gcc/arm-none-eabi/7.3.1/../../../../arm-none-eabi/lib/thumb/v7-m/libc_nano.a(lib_a-nano-mallocr.o)
 .ARM.attributes
                0x0000000000000980       0x2d /opt/st/stm32cubeide_1.4.0/plugins/com.st.stm32cube.ide.mcu.externaltools.gnu-tools-for-stm32.7-2018-q2-update.linux64_1.4.0.202007081208/tools/bin/../lib/gcc/arm-none-eabi/7.3.1/../../../../arm-none-eabi/lib/thumb/v7-m/libc_nano.a(lib_a-nano-reallocr.o)
 .ARM.attributes
                0x00000000000009ad       0x2d /opt/st/stm32cubeide_1.4.0/plugins/com.st.stm32cube.ide.mcu.externaltools.gnu-tools-for-stm32.7-2018-q2-update.linux64_1.4.0.202007081208/tools/bin/../lib/gcc/arm-none-eabi/7.3.1/../../../../arm-none-eabi/lib/thumb/v7-m/libc_nano.a(lib_a-sbrkr.o)
 .ARM.attributes
                0x00000000000009da       0x2d /opt/st/stm32cubeide_1.4.0/plugins/com.st.stm32cube.ide.mcu.externaltools.gnu-tools-for-stm32.7-2018-q2-update.linux64_1.4.0.202007081208/tools/bin/../lib/gcc/arm-none-eabi/7.3.1/../../../../arm-none-eabi/lib/thumb/v7-m/libc_nano.a(lib_a-mlock.o)
 .ARM.attributes
                0x0000000000000a07       0x2d /opt/st/stm32cubeide_1.4.0/plugins/com.st.stm32cube.ide.mcu.externaltools.gnu-tools-for-stm32.7-2018-q2-update.linux64_1.4.0.202007081208/tools/bin/../lib/gcc/arm-none-eabi/7.3.1/../../../../arm-none-eabi/lib/thumb/v7-m/libc_nano.a(lib_a-nano-msizer.o)
 .ARM.attributes
                0x0000000000000a34       0x2d /opt/st/stm32cubeide_1.4.0/plugins/com.st.stm32cube.ide.mcu.externaltools.gnu-tools-for-stm32.7-2018-q2-update.linux64_1.4.0.202007081208/tools/bin/../lib/gcc/arm-none-eabi/7.3.1/../../../../arm-none-eabi/lib/thumb/v7-m/libc_nano.a(lib_a-reent.o)
 .ARM.attributes
                0x0000000000000a61       0x1d /opt/st/stm32cubeide_1.4.0/plugins/com.st.stm32cube.ide.mcu.externaltools.gnu-tools-for-stm32.7-2018-q2-update.linux64_1.4.0.202007081208/tools/bin/../lib/gcc/arm-none-eabi/7.3.1/thumb/v7-m/libgcc.a(_arm_addsubsf3.o)
 .ARM.attributes
                0x0000000000000a7e       0x1d /opt/st/stm32cubeide_1.4.0/plugins/com.st.stm32cube.ide.mcu.externaltools.gnu-tools-for-stm32.7-2018-q2-update.linux64_1.4.0.202007081208/tools/bin/../lib/gcc/arm-none-eabi/7.3.1/thumb/v7-m/libgcc.a(_arm_muldivsf3.o)
 .ARM.attributes
                0x0000000000000a9b       0x1d /opt/st/stm32cubeide_1.4.0/plugins/com.st.stm32cube.ide.mcu.externaltools.gnu-tools-for-stm32.7-2018-q2-update.linux64_1.4.0.202007081208/tools/bin/../lib/gcc/arm-none-eabi/7.3.1/thumb/v7-m/libgcc.a(_arm_fixsfsi.o)
 .ARM.attributes
                0x0000000000000ab8       0x1d /opt/st/stm32cubeide_1.4.0/plugins/com.st.stm32cube.ide.mcu.externaltools.gnu-tools-for-stm32.7-2018-q2-update.linux64_1.4.0.202007081208/tools/bin/../lib/gcc/arm-none-eabi/7.3.1/thumb/v7-m/crtn.o
OUTPUT(luz_temp_STM32F103C8T6.elf elf32-littlearm)

.debug_info     0x0000000000000000    0x1770e
 .debug_info    0x0000000000000000      0x49a Core/Src/DHT.o
 .debug_info    0x000000000000049a      0x811 Core/Src/IOport_lfs.o
 .debug_info    0x0000000000000cab      0x6b2 Core/Src/PCF8574_lfs.o
 .debug_info    0x000000000000135d      0x862 Core/Src/adc.o
 .debug_info    0x0000000000001bbf      0xe17 Core/Src/funciones_domotica.o
 .debug_info    0x00000000000029d6      0x36e Core/Src/gpio.o
 .debug_info    0x0000000000002d44      0x3e7 Core/Src/hora_tablero.o
 .debug_info    0x000000000000312b      0x83b Core/Src/i2c.o
 .debug_info    0x0000000000003966      0x26b Core/Src/iwdg.o
 .debug_info    0x0000000000003bd1      0x7e5 Core/Src/lcd_i2c_lfs.o
 .debug_info    0x00000000000043b6     0x1464 Core/Src/main.o
 .debug_info    0x000000000000581a     0x162f Core/Src/menuPantallas.o
 .debug_info    0x0000000000006e49      0x4e0 Core/Src/rtc.o
 .debug_info    0x0000000000007329      0x808 Core/Src/spi.o
 .debug_info    0x0000000000007b31      0x2cb Core/Src/stm32f1xx_hal_msp.o
 .debug_info    0x0000000000007dfc      0x8c0 Core/Src/stm32f1xx_it.o
 .debug_info    0x00000000000086bc      0x985 Core/Src/sysmem.o
 .debug_info    0x0000000000009041      0x433 Core/Src/system_stm32f1xx.o
 .debug_info    0x0000000000009474      0x902 Core/Src/tim.o
 .debug_info    0x0000000000009d76      0x8ee Core/Src/usart.o
 .debug_info    0x000000000000a664       0x22 Core/Startup/startup_stm32f103c8tx.o
 .debug_info    0x000000000000a686      0x6fe Drivers/STM32F1xx_HAL_Driver/Src/stm32f1xx_hal.o
 .debug_info    0x000000000000ad84      0xc61 Drivers/STM32F1xx_HAL_Driver/Src/stm32f1xx_hal_adc.o
 .debug_info    0x000000000000b9e5      0xb46 Drivers/STM32F1xx_HAL_Driver/Src/stm32f1xx_hal_cortex.o
 .debug_info    0x000000000000c52b      0x7a6 Drivers/STM32F1xx_HAL_Driver/Src/stm32f1xx_hal_dma.o
 .debug_info    0x000000000000ccd1      0x681 Drivers/STM32F1xx_HAL_Driver/Src/stm32f1xx_hal_gpio.o
 .debug_info    0x000000000000d352     0x2457 Drivers/STM32F1xx_HAL_Driver/Src/stm32f1xx_hal_i2c.o
 .debug_info    0x000000000000f7a9      0x2b6 Drivers/STM32F1xx_HAL_Driver/Src/stm32f1xx_hal_iwdg.o
 .debug_info    0x000000000000fa5f      0x6d7 Drivers/STM32F1xx_HAL_Driver/Src/stm32f1xx_hal_pwr.o
 .debug_info    0x0000000000010136      0x804 Drivers/STM32F1xx_HAL_Driver/Src/stm32f1xx_hal_rcc.o
 .debug_info    0x000000000001093a      0x439 Drivers/STM32F1xx_HAL_Driver/Src/stm32f1xx_hal_rcc_ex.o
 .debug_info    0x0000000000010d73      0xd24 Drivers/STM32F1xx_HAL_Driver/Src/stm32f1xx_hal_rtc.o
 .debug_info    0x0000000000011a97     0x153a Drivers/STM32F1xx_HAL_Driver/Src/stm32f1xx_hal_spi.o
 .debug_info    0x0000000000012fd1     0x2456 Drivers/STM32F1xx_HAL_Driver/Src/stm32f1xx_hal_tim.o
 .debug_info    0x0000000000015427     0x1104 Drivers/STM32F1xx_HAL_Driver/Src/stm32f1xx_hal_tim_ex.o
 .debug_info    0x000000000001652b     0x11e3 Drivers/STM32F1xx_HAL_Driver/Src/stm32f1xx_hal_uart.o

.debug_abbrev   0x0000000000000000     0x3ddb
 .debug_abbrev  0x0000000000000000      0x195 Core/Src/DHT.o
 .debug_abbrev  0x0000000000000195      0x1f1 Core/Src/IOport_lfs.o
 .debug_abbrev  0x0000000000000386      0x1b4 Core/Src/PCF8574_lfs.o
 .debug_abbrev  0x000000000000053a      0x199 Core/Src/adc.o
 .debug_abbrev  0x00000000000006d3      0x1fe Core/Src/funciones_domotica.o
 .debug_abbrev  0x00000000000008d1      0x134 Core/Src/gpio.o
 .debug_abbrev  0x0000000000000a05      0x14e Core/Src/hora_tablero.o
 .debug_abbrev  0x0000000000000b53      0x199 Core/Src/i2c.o
 .debug_abbrev  0x0000000000000cec      0x118 Core/Src/iwdg.o
 .debug_abbrev  0x0000000000000e04      0x1a1 Core/Src/lcd_i2c_lfs.o
 .debug_abbrev  0x0000000000000fa5      0x1d4 Core/Src/main.o
 .debug_abbrev  0x0000000000001179      0x27a Core/Src/menuPantallas.o
 .debug_abbrev  0x00000000000013f3      0x173 Core/Src/rtc.o
 .debug_abbrev  0x0000000000001566      0x199 Core/Src/spi.o
 .debug_abbrev  0x00000000000016ff      0x109 Core/Src/stm32f1xx_hal_msp.o
 .debug_abbrev  0x0000000000001808      0x15a Core/Src/stm32f1xx_it.o
 .debug_abbrev  0x0000000000001962      0x19b Core/Src/sysmem.o
 .debug_abbrev  0x0000000000001afd      0x134 Core/Src/system_stm32f1xx.o
 .debug_abbrev  0x0000000000001c31      0x199 Core/Src/tim.o
 .debug_abbrev  0x0000000000001dca      0x1a2 Core/Src/usart.o
 .debug_abbrev  0x0000000000001f6c       0x12 Core/Startup/startup_stm32f103c8tx.o
 .debug_abbrev  0x0000000000001f7e      0x1d8 Drivers/STM32F1xx_HAL_Driver/Src/stm32f1xx_hal.o
 .debug_abbrev  0x0000000000002156      0x1d5 Drivers/STM32F1xx_HAL_Driver/Src/stm32f1xx_hal_adc.o
 .debug_abbrev  0x000000000000232b      0x2d5 Drivers/STM32F1xx_HAL_Driver/Src/stm32f1xx_hal_cortex.o
 .debug_abbrev  0x0000000000002600      0x1fe Drivers/STM32F1xx_HAL_Driver/Src/stm32f1xx_hal_dma.o
 .debug_abbrev  0x00000000000027fe      0x1c0 Drivers/STM32F1xx_HAL_Driver/Src/stm32f1xx_hal_gpio.o
 .debug_abbrev  0x00000000000029be      0x258 Drivers/STM32F1xx_HAL_Driver/Src/stm32f1xx_hal_i2c.o
 .debug_abbrev  0x0000000000002c16      0x141 Drivers/STM32F1xx_HAL_Driver/Src/stm32f1xx_hal_iwdg.o
 .debug_abbrev  0x0000000000002d57      0x1f2 Drivers/STM32F1xx_HAL_Driver/Src/stm32f1xx_hal_pwr.o
 .debug_abbrev  0x0000000000002f49      0x243 Drivers/STM32F1xx_HAL_Driver/Src/stm32f1xx_hal_rcc.o
 .debug_abbrev  0x000000000000318c      0x175 Drivers/STM32F1xx_HAL_Driver/Src/stm32f1xx_hal_rcc_ex.o
 .debug_abbrev  0x0000000000003301      0x20a Drivers/STM32F1xx_HAL_Driver/Src/stm32f1xx_hal_rtc.o
 .debug_abbrev  0x000000000000350b      0x240 Drivers/STM32F1xx_HAL_Driver/Src/stm32f1xx_hal_spi.o
 .debug_abbrev  0x000000000000374b      0x230 Drivers/STM32F1xx_HAL_Driver/Src/stm32f1xx_hal_tim.o
 .debug_abbrev  0x000000000000397b      0x21e Drivers/STM32F1xx_HAL_Driver/Src/stm32f1xx_hal_tim_ex.o
 .debug_abbrev  0x0000000000003b99      0x242 Drivers/STM32F1xx_HAL_Driver/Src/stm32f1xx_hal_uart.o

.debug_aranges  0x0000000000000000     0x1680
 .debug_aranges
                0x0000000000000000       0x30 Core/Src/DHT.o
 .debug_aranges
                0x0000000000000030       0x50 Core/Src/IOport_lfs.o
 .debug_aranges
                0x0000000000000080       0x30 Core/Src/PCF8574_lfs.o
 .debug_aranges
                0x00000000000000b0       0x38 Core/Src/adc.o
 .debug_aranges
                0x00000000000000e8       0x88 Core/Src/funciones_domotica.o
 .debug_aranges
                0x0000000000000170       0x20 Core/Src/gpio.o
 .debug_aranges
                0x0000000000000190       0x40 Core/Src/hora_tablero.o
 .debug_aranges
                0x00000000000001d0       0x30 Core/Src/i2c.o
 .debug_aranges
                0x0000000000000200       0x20 Core/Src/iwdg.o
 .debug_aranges
                0x0000000000000220       0x50 Core/Src/lcd_i2c_lfs.o
 .debug_aranges
                0x0000000000000270       0x38 Core/Src/main.o
 .debug_aranges
                0x00000000000002a8       0xc0 Core/Src/menuPantallas.o
 .debug_aranges
                0x0000000000000368       0x30 Core/Src/rtc.o
 .debug_aranges
                0x0000000000000398       0x30 Core/Src/spi.o
 .debug_aranges
                0x00000000000003c8       0x20 Core/Src/stm32f1xx_hal_msp.o
 .debug_aranges
                0x00000000000003e8       0x70 Core/Src/stm32f1xx_it.o
 .debug_aranges
                0x0000000000000458       0x20 Core/Src/sysmem.o
 .debug_aranges
                0x0000000000000478       0x28 Core/Src/system_stm32f1xx.o
 .debug_aranges
                0x00000000000004a0       0x30 Core/Src/tim.o
 .debug_aranges
                0x00000000000004d0       0x30 Core/Src/usart.o
 .debug_aranges
                0x0000000000000500       0x28 Core/Startup/startup_stm32f103c8tx.o
 .debug_aranges
                0x0000000000000528       0xe0 Drivers/STM32F1xx_HAL_Driver/Src/stm32f1xx_hal.o
 .debug_aranges
                0x0000000000000608       0xf0 Drivers/STM32F1xx_HAL_Driver/Src/stm32f1xx_hal_adc.o
 .debug_aranges
                0x00000000000006f8      0x100 Drivers/STM32F1xx_HAL_Driver/Src/stm32f1xx_hal_cortex.o
 .debug_aranges
                0x00000000000007f8       0x80 Drivers/STM32F1xx_HAL_Driver/Src/stm32f1xx_hal_dma.o
 .debug_aranges
                0x0000000000000878       0x58 Drivers/STM32F1xx_HAL_Driver/Src/stm32f1xx_hal_gpio.o
 .debug_aranges
                0x00000000000008d0      0x290 Drivers/STM32F1xx_HAL_Driver/Src/stm32f1xx_hal_i2c.o
 .debug_aranges
                0x0000000000000b60       0x28 Drivers/STM32F1xx_HAL_Driver/Src/stm32f1xx_hal_iwdg.o
 .debug_aranges
                0x0000000000000b88       0xa8 Drivers/STM32F1xx_HAL_Driver/Src/stm32f1xx_hal_pwr.o
 .debug_aranges
                0x0000000000000c30       0x90 Drivers/STM32F1xx_HAL_Driver/Src/stm32f1xx_hal_rcc.o
 .debug_aranges
                0x0000000000000cc0       0x30 Drivers/STM32F1xx_HAL_Driver/Src/stm32f1xx_hal_rcc_ex.o
 .debug_aranges
                0x0000000000000cf0       0xf8 Drivers/STM32F1xx_HAL_Driver/Src/stm32f1xx_hal_rtc.o
 .debug_aranges
                0x0000000000000de8      0x1d0 Drivers/STM32F1xx_HAL_Driver/Src/stm32f1xx_hal_spi.o
 .debug_aranges
                0x0000000000000fb8      0x3a8 Drivers/STM32F1xx_HAL_Driver/Src/stm32f1xx_hal_tim.o
 .debug_aranges
                0x0000000000001360      0x150 Drivers/STM32F1xx_HAL_Driver/Src/stm32f1xx_hal_tim_ex.o
 .debug_aranges
                0x00000000000014b0      0x1d0 Drivers/STM32F1xx_HAL_Driver/Src/stm32f1xx_hal_uart.o

.debug_ranges   0x0000000000000000     0x1468
 .debug_ranges  0x0000000000000000       0x20 Core/Src/DHT.o
 .debug_ranges  0x0000000000000020       0x40 Core/Src/IOport_lfs.o
 .debug_ranges  0x0000000000000060       0x20 Core/Src/PCF8574_lfs.o
 .debug_ranges  0x0000000000000080       0x28 Core/Src/adc.o
 .debug_ranges  0x00000000000000a8       0x78 Core/Src/funciones_domotica.o
 .debug_ranges  0x0000000000000120       0x10 Core/Src/gpio.o
 .debug_ranges  0x0000000000000130       0x30 Core/Src/hora_tablero.o
 .debug_ranges  0x0000000000000160       0x20 Core/Src/i2c.o
 .debug_ranges  0x0000000000000180       0x10 Core/Src/iwdg.o
 .debug_ranges  0x0000000000000190       0x40 Core/Src/lcd_i2c_lfs.o
 .debug_ranges  0x00000000000001d0       0x28 Core/Src/main.o
 .debug_ranges  0x00000000000001f8       0xb0 Core/Src/menuPantallas.o
 .debug_ranges  0x00000000000002a8       0x20 Core/Src/rtc.o
 .debug_ranges  0x00000000000002c8       0x20 Core/Src/spi.o
 .debug_ranges  0x00000000000002e8       0x10 Core/Src/stm32f1xx_hal_msp.o
 .debug_ranges  0x00000000000002f8       0x60 Core/Src/stm32f1xx_it.o
 .debug_ranges  0x0000000000000358       0x10 Core/Src/sysmem.o
 .debug_ranges  0x0000000000000368       0x18 Core/Src/system_stm32f1xx.o
 .debug_ranges  0x0000000000000380       0x20 Core/Src/tim.o
 .debug_ranges  0x00000000000003a0       0x20 Core/Src/usart.o
 .debug_ranges  0x00000000000003c0       0x20 Core/Startup/startup_stm32f103c8tx.o
 .debug_ranges  0x00000000000003e0       0xd0 Drivers/STM32F1xx_HAL_Driver/Src/stm32f1xx_hal.o
 .debug_ranges  0x00000000000004b0       0xe0 Drivers/STM32F1xx_HAL_Driver/Src/stm32f1xx_hal_adc.o
 .debug_ranges  0x0000000000000590       0xf0 Drivers/STM32F1xx_HAL_Driver/Src/stm32f1xx_hal_cortex.o
 .debug_ranges  0x0000000000000680       0x70 Drivers/STM32F1xx_HAL_Driver/Src/stm32f1xx_hal_dma.o
 .debug_ranges  0x00000000000006f0       0x48 Drivers/STM32F1xx_HAL_Driver/Src/stm32f1xx_hal_gpio.o
 .debug_ranges  0x0000000000000738      0x2a0 Drivers/STM32F1xx_HAL_Driver/Src/stm32f1xx_hal_i2c.o
 .debug_ranges  0x00000000000009d8       0x18 Drivers/STM32F1xx_HAL_Driver/Src/stm32f1xx_hal_iwdg.o
 .debug_ranges  0x00000000000009f0       0x98 Drivers/STM32F1xx_HAL_Driver/Src/stm32f1xx_hal_pwr.o
 .debug_ranges  0x0000000000000a88       0x80 Drivers/STM32F1xx_HAL_Driver/Src/stm32f1xx_hal_rcc.o
 .debug_ranges  0x0000000000000b08       0x20 Drivers/STM32F1xx_HAL_Driver/Src/stm32f1xx_hal_rcc_ex.o
 .debug_ranges  0x0000000000000b28       0xe8 Drivers/STM32F1xx_HAL_Driver/Src/stm32f1xx_hal_rtc.o
 .debug_ranges  0x0000000000000c10      0x1c0 Drivers/STM32F1xx_HAL_Driver/Src/stm32f1xx_hal_spi.o
 .debug_ranges  0x0000000000000dd0      0x398 Drivers/STM32F1xx_HAL_Driver/Src/stm32f1xx_hal_tim.o
 .debug_ranges  0x0000000000001168      0x140 Drivers/STM32F1xx_HAL_Driver/Src/stm32f1xx_hal_tim_ex.o
 .debug_ranges  0x00000000000012a8      0x1c0 Drivers/STM32F1xx_HAL_Driver/Src/stm32f1xx_hal_uart.o

.debug_macro    0x0000000000000000     0x543f
 .debug_macro   0x0000000000000000      0x216 Core/Src/DHT.o
 .debug_macro   0x0000000000000216       0x22 Core/Src/DHT.o
 .debug_macro   0x0000000000000238      0x1f3 Core/Src/IOport_lfs.o
 .debug_macro   0x000000000000042b       0x10 Core/Src/IOport_lfs.o
 .debug_macro   0x000000000000043b      0x1f0 Core/Src/PCF8574_lfs.o
 .debug_macro   0x000000000000062b      0x1f9 Core/Src/adc.o
 .debug_macro   0x0000000000000824      0x23d Core/Src/funciones_domotica.o
 .debug_macro   0x0000000000000a61       0x16 Core/Src/funciones_domotica.o
 .debug_macro   0x0000000000000a77       0x52 Core/Src/funciones_domotica.o
 .debug_macro   0x0000000000000ac9      0x1f9 Core/Src/gpio.o
 .debug_macro   0x0000000000000cc2      0x203 Core/Src/hora_tablero.o
 .debug_macro   0x0000000000000ec5      0x1f9 Core/Src/i2c.o
 .debug_macro   0x00000000000010be      0x1f9 Core/Src/iwdg.o
 .debug_macro   0x00000000000012b7      0x1ef Core/Src/lcd_i2c_lfs.o
 .debug_macro   0x00000000000014a6       0x34 Core/Src/lcd_i2c_lfs.o
 .debug_macro   0x00000000000014da      0x28e Core/Src/main.o
 .debug_macro   0x0000000000001768       0x3a Core/Src/main.o
 .debug_macro   0x00000000000017a2       0x28 Core/Src/main.o
 .debug_macro   0x00000000000017ca      0x39a Core/Src/menuPantallas.o
 .debug_macro   0x0000000000001b64       0x46 Core/Src/menuPantallas.o
 .debug_macro   0x0000000000001baa       0x18 Core/Src/menuPantallas.o
 .debug_macro   0x0000000000001bc2       0x3c Core/Src/menuPantallas.o
 .debug_macro   0x0000000000001bfe       0x34 Core/Src/menuPantallas.o
 .debug_macro   0x0000000000001c32       0x16 Core/Src/menuPantallas.o
 .debug_macro   0x0000000000001c48       0x35 Core/Src/menuPantallas.o
 .debug_macro   0x0000000000001c7d      0x32a Core/Src/menuPantallas.o
 .debug_macro   0x0000000000001fa7       0x10 Core/Src/menuPantallas.o
 .debug_macro   0x0000000000001fb7       0x52 Core/Src/menuPantallas.o
 .debug_macro   0x0000000000002009       0x1f Core/Src/menuPantallas.o
 .debug_macro   0x0000000000002028       0x43 Core/Src/menuPantallas.o
 .debug_macro   0x000000000000206b       0x20 Core/Src/menuPantallas.o
 .debug_macro   0x000000000000208b      0x1a3 Core/Src/menuPantallas.o
 .debug_macro   0x000000000000222e       0x10 Core/Src/menuPantallas.o
 .debug_macro   0x000000000000223e       0x1c Core/Src/menuPantallas.o
 .debug_macro   0x000000000000225a       0x52 Core/Src/menuPantallas.o
 .debug_macro   0x00000000000022ac       0x40 Core/Src/menuPantallas.o
 .debug_macro   0x00000000000022ec       0x10 Core/Src/menuPantallas.o
 .debug_macro   0x00000000000022fc       0x40 Core/Src/menuPantallas.o
 .debug_macro   0x000000000000233c       0xd7 Core/Src/menuPantallas.o
 .debug_macro   0x0000000000002413       0x1c Core/Src/menuPantallas.o
 .debug_macro   0x000000000000242f       0x3d Core/Src/menuPantallas.o
 .debug_macro   0x000000000000246c       0x16 Core/Src/menuPantallas.o
 .debug_macro   0x0000000000002482      0x145 Core/Src/menuPantallas.o
 .debug_macro   0x00000000000025c7      0x1f9 Core/Src/rtc.o
 .debug_macro   0x00000000000027c0      0x1f9 Core/Src/spi.o
 .debug_macro   0x00000000000029b9      0x1ef Core/Src/stm32f1xx_hal_msp.o
 .debug_macro   0x0000000000002ba8      0x1f9 Core/Src/stm32f1xx_it.o
 .debug_macro   0x0000000000002da1       0xee Core/Src/sysmem.o
 .debug_macro   0x0000000000002e8f      0x23b Core/Src/sysmem.o
 .debug_macro   0x00000000000030ca      0x1e6 Core/Src/system_stm32f1xx.o
 .debug_macro   0x00000000000032b0      0x1f9 Core/Src/tim.o
 .debug_macro   0x00000000000034a9      0x1f9 Core/Src/usart.o
 .debug_macro   0x00000000000036a2      0x204 Drivers/STM32F1xx_HAL_Driver/Src/stm32f1xx_hal.o
 .debug_macro   0x00000000000038a6      0x1fd Drivers/STM32F1xx_HAL_Driver/Src/stm32f1xx_hal_adc.o
 .debug_macro   0x0000000000003aa3      0x1e0 Drivers/STM32F1xx_HAL_Driver/Src/stm32f1xx_hal_cortex.o
 .debug_macro   0x0000000000003c83      0x1e0 Drivers/STM32F1xx_HAL_Driver/Src/stm32f1xx_hal_dma.o